2026-06-22 18:36:15,487 [INFO] 📋 Loaded 5 rules from governance_rules.yaml
2026-06-22 18:36:15,488 [INFO] 📊 Fetched 3 datasets from DataHub
2026-06-22 18:36:15,488 [INFO] 🔍 Running 5 rules against 3 datasets
2026-06-22 18:36:15,488 [INFO] 
📏 Rule: All datasets must have owners
2026-06-22 18:36:15,488 [INFO]    Ensure every dataset has at least one owner assigned
2026-06-22 18:36:15,488 [INFO]    [DRY RUN] Would add tag 'urn:li:tag:Compliant' to user_profiles
2026-06-22 18:36:15,488 [INFO]    [PASS] user_profiles - Applied 1 action(s)
2026-06-22 18:36:15,488 [INFO]    [DRY RUN] Would add tag 'urn:li:tag:Compliant' to sales_transactions
2026-06-22 18:36:15,488 [INFO]    [PASS] sales_transactions - Applied 1 action(s)
2026-06-22 18:36:15,488 [INFO]    [DRY RUN] Would add tag 'urn:li:tag:NeedsOwner' to unnamed_table
2026-06-22 18:36:15,488 [INFO]    [FAIL] unnamed_table - Applied 1 action(s)
2026-06-22 18:36:15,488 [INFO] 
📏 Rule: All datasets must have descriptions
2026-06-22 18:36:15,488 [INFO]    Ensure every dataset has a meaningful description
2026-06-22 18:36:15,488 [INFO]    [DRY RUN] Would add tag 'urn:li:tag:HasDescription' to user_profiles
2026-06-22 18:36:15,488 [INFO]    [PASS] user_profiles - Applied 1 action(s)
2026-06-22 18:36:15,488 [INFO]    [DRY RUN] Would add tag 'urn:li:tag:HasDescription' to sales_transactions
2026-06-22 18:36:15,488 [INFO]    [PASS] sales_transactions - Applied 1 action(s)
2026-06-22 18:36:15,488 [INFO]    [DRY RUN] Would add tag 'urn:li:tag:NeedsDescription' to unnamed_table
2026-06-22 18:36:15,488 [INFO]    [FAIL] unnamed_table - Applied 1 action(s)
2026-06-22 18:36:15,488 [INFO] 
📏 Rule: Schema must have minimum fields
2026-06-22 18:36:15,488 [INFO]    Ensure datasets have at least 2 fields defined
2026-06-22 18:36:15,488 [INFO]    [DRY RUN] Would add tag 'urn:li:tag:ValidSchema' to user_profiles
2026-06-22 18:36:15,488 [INFO]    [PASS] user_profiles - Applied 1 action(s)
2026-06-22 18:36:15,488 [INFO]    [DRY RUN] Would add tag 'urn:li:tag:ValidSchema' to sales_transactions
2026-06-22 18:36:15,488 [INFO]    [PASS] sales_transactions - Applied 1 action(s)
2026-06-22 18:36:15,488 [INFO]    [DRY RUN] Would add tag 'urn:li:tag:InsufficientSchema' to unnamed_table
2026-06-22 18:36:15,488 [INFO]    [FAIL] unnamed_table - Applied 1 action(s)
2026-06-22 18:36:15,488 [INFO] 
📏 Rule: Snowflake datasets need PII check
2026-06-22 18:36:15,488 [INFO]    Flag Snowflake datasets for PII review
2026-06-22 18:36:15,488 [INFO]    [DRY RUN] Would add tag 'urn:li:tag:NeedsPIIReview' to sales_transactions
2026-06-22 18:36:15,488 [INFO]    [PASS] sales_transactions - Applied 1 action(s)
2026-06-22 18:36:15,488 [INFO] 
📏 Rule: Production-ready check
2026-06-22 18:36:15,488 [INFO]    Dataset meets all production quality standards
2026-06-22 18:36:15,488 [INFO]    [DRY RUN] Would add tag 'urn:li:tag:ProductionReady' to user_profiles
2026-06-22 18:36:15,488 [INFO]    [PASS] user_profiles - Applied 1 action(s)
2026-06-22 18:36:15,488 [INFO]    [DRY RUN] Would add tag 'urn:li:tag:ProductionReady' to sales_transactions
2026-06-22 18:36:15,488 [INFO]    [PASS] sales_transactions - Applied 1 action(s)
2026-06-22 18:36:15,489 [INFO]    [DRY RUN] Would add tag 'urn:li:tag:NeedsImprovement' to unnamed_table
2026-06-22 18:36:15,489 [INFO]    [FAIL] unnamed_table - Applied 1 action(s)
2026-07-27 23:11:56,780 [ERROR] Failed to load rules: __init__() got an unexpected keyword argument 'description'
2026-07-27 23:11:56,780 [ERROR] Engine failed: __init__() got an unexpected keyword argument 'description'
Traceback (most recent call last):
  File "/Users/nadakhalil/Henkel_DataHub/governance_engine.py", line 421, in main
    engine = GovernanceRuleEngine(
  File "/Users/nadakhalil/Henkel_DataHub/governance_engine.py", line 149, in __init__
    self.rules = self._load_rules()
  File "/Users/nadakhalil/Henkel_DataHub/governance_engine.py", line 184, in _load_rules
    rules.append(Rule(
TypeError: __init__() got an unexpected keyword argument 'description'
2026-07-27 23:14:02,461 [INFO] Loaded 2 rules
2026-07-27 23:14:02,461 [INFO] 📊 Fetched 3 datasets from DataHub
2026-07-27 23:14:02,461 [INFO] Running 2 on 3 
2026-07-27 23:14:02,462 [INFO] \Rule: All datasets must have owners
2026-07-27 23:14:02,596 [INFO] Added tag 'urn:li:tag:Compliant' to user_profiles
2026-07-27 23:14:02,596 [INFO]    [PASS] user_profiles - Applied 1 action(s)
2026-07-27 23:14:02,647 [INFO] Added tag 'urn:li:tag:Compliant' to sales_transactions
2026-07-27 23:14:02,647 [INFO]    [PASS] sales_transactions - Applied 1 action(s)
2026-07-27 23:14:02,767 [INFO] Added tag 'urn:li:tag:NeedsOwner' to unnamed_table
2026-07-27 23:14:02,767 [INFO]    [FAIL] unnamed_table - Applied 1 action(s)
2026-07-27 23:14:02,767 [INFO] \Rule: All datasets must have descriptions
2026-07-27 23:14:02,820 [INFO] Added tag 'urn:li:tag:HasDescription' to user_profiles
2026-07-27 23:14:02,820 [INFO]    [PASS] user_profiles - Applied 1 action(s)
2026-07-27 23:14:02,884 [INFO] Added tag 'urn:li:tag:HasDescription' to sales_transactions
2026-07-27 23:14:02,885 [INFO]    [PASS] sales_transactions - Applied 1 action(s)
2026-07-27 23:14:02,936 [INFO] Added tag 'urn:li:tag:NeedsDescription' to unnamed_table
2026-07-27 23:14:02,937 [INFO]    [FAIL] unnamed_table - Applied 1 action(s)
2026-07-27 23:16:47,606 [INFO] Loaded 2 rules
2026-07-27 23:16:47,606 [INFO] 📊 Fetched 3 datasets from DataHub
2026-07-27 23:16:47,606 [INFO] Running 2 on 3 
2026-07-27 23:16:47,606 [INFO] \Rule: All datasets must have owners
2026-07-27 23:16:47,606 [INFO]    [DRY RUN] Would add tag 'urn:li:tag:Compliant' to user_profiles
2026-07-27 23:16:47,606 [INFO]    [PASS] user_profiles - Applied 1 action(s)
2026-07-27 23:16:47,607 [INFO]    [DRY RUN] Would add tag 'urn:li:tag:Compliant' to sales_transactions
2026-07-27 23:16:47,607 [INFO]    [PASS] sales_transactions - Applied 1 action(s)
2026-07-27 23:16:47,607 [INFO]    [DRY RUN] Would add tag 'urn:li:tag:NeedsOwner' to unnamed_table
2026-07-27 23:16:47,607 [INFO]    [FAIL] unnamed_table - Applied 1 action(s)
2026-07-27 23:16:47,607 [INFO] \Rule: All datasets must have descriptions
2026-07-27 23:16:47,607 [INFO]    [DRY RUN] Would add tag 'urn:li:tag:HasDescription' to user_profiles
2026-07-27 23:16:47,607 [INFO]    [PASS] user_profiles - Applied 1 action(s)
2026-07-27 23:16:47,607 [INFO]    [DRY RUN] Would add tag 'urn:li:tag:HasDescription' to sales_transactions
2026-07-27 23:16:47,607 [INFO]    [PASS] sales_transactions - Applied 1 action(s)
2026-07-27 23:16:47,607 [INFO]    [DRY RUN] Would add tag 'urn:li:tag:NeedsDescription' to unnamed_table
2026-07-27 23:16:47,607 [INFO]    [FAIL] unnamed_table - Applied 1 action(s)
2026-07-28 00:02:14,967 [INFO] Loaded 2 rules
2026-07-28 00:02:14,967 [INFO] 📊 Fetched 3 datasets from DataHub
2026-07-28 00:02:14,967 [INFO] Running 2 on 3 
2026-07-28 00:02:14,967 [INFO] \Rule: All datasets must have owners
2026-07-28 00:02:14,977 [WARNING] Retrying (_WeightedRetry(total=3, connect=None, read=None, redirect=None, status=None)) after connection broken by 'NameResolutionError("HTTPConnection(host='host.docker.internal', port=8080): Failed to resolve 'host.docker.internal' ([Errno 8] nodename nor servname provided, or not known)")': /aspects?action=ingestProposal
2026-07-28 00:02:18,983 [WARNING] Retrying (_WeightedRetry(total=2, connect=None, read=None, redirect=None, status=None)) after connection broken by 'NameResolutionError("HTTPConnection(host='host.docker.internal', port=8080): Failed to resolve 'host.docker.internal' ([Errno 8] nodename nor servname provided, or not known)")': /aspects?action=ingestProposal
2026-07-28 00:02:26,990 [WARNING] Retrying (_WeightedRetry(total=1, connect=None, read=None, redirect=None, status=None)) after connection broken by 'NameResolutionError("HTTPConnection(host='host.docker.internal', port=8080): Failed to resolve 'host.docker.internal' ([Errno 8] nodename nor servname provided, or not known)")': /aspects?action=ingestProposal
2026-07-28 00:02:43,004 [WARNING] Retrying (_WeightedRetry(total=0, connect=None, read=None, redirect=None, status=None)) after connection broken by 'NameResolutionError("HTTPConnection(host='host.docker.internal', port=8080): Failed to resolve 'host.docker.internal' ([Errno 8] nodename nor servname provided, or not known)")': /aspects?action=ingestProposal
2026-07-28 00:02:43,013 [ERROR] Failed to add tag to user_profiles: ('Unable to emit metadata to DataHub GMS', {'message': 'HTTPConnectionPool(host=\'host.docker.internal\', port=8080): Max retries exceeded with url: /aspects?action=ingestProposal (Caused by NameResolutionError("HTTPConnection(host=\'host.docker.internal\', port=8080): Failed to resolve \'host.docker.internal\' ([Errno 8] nodename nor servname provided, or not known)"))'})
2026-07-28 00:02:43,013 [INFO]    [PASS] user_profiles - Applied 1 action(s)
2026-07-28 00:02:43,020 [WARNING] Retrying (_WeightedRetry(total=3, connect=None, read=None, redirect=None, status=None)) after connection broken by 'NameResolutionError("HTTPConnection(host='host.docker.internal', port=8080): Failed to resolve 'host.docker.internal' ([Errno 8] nodename nor servname provided, or not known)")': /aspects?action=ingestProposal
2026-07-28 00:02:47,027 [WARNING] Retrying (_WeightedRetry(total=2, connect=None, read=None, redirect=None, status=None)) after connection broken by 'NameResolutionError("HTTPConnection(host='host.docker.internal', port=8080): Failed to resolve 'host.docker.internal' ([Errno 8] nodename nor servname provided, or not known)")': /aspects?action=ingestProposal
2026-07-28 00:02:55,038 [WARNING] Retrying (_WeightedRetry(total=1, connect=None, read=None, redirect=None, status=None)) after connection broken by 'NameResolutionError("HTTPConnection(host='host.docker.internal', port=8080): Failed to resolve 'host.docker.internal' ([Errno 8] nodename nor servname provided, or not known)")': /aspects?action=ingestProposal
2026-07-28 00:03:11,052 [WARNING] Retrying (_WeightedRetry(total=0, connect=None, read=None, redirect=None, status=None)) after connection broken by 'NameResolutionError("HTTPConnection(host='host.docker.internal', port=8080): Failed to resolve 'host.docker.internal' ([Errno 8] nodename nor servname provided, or not known)")': /aspects?action=ingestProposal
2026-07-28 00:03:11,060 [ERROR] Failed to add tag to sales_transactions: ('Unable to emit metadata to DataHub GMS', {'message': 'HTTPConnectionPool(host=\'host.docker.internal\', port=8080): Max retries exceeded with url: /aspects?action=ingestProposal (Caused by NameResolutionError("HTTPConnection(host=\'host.docker.internal\', port=8080): Failed to resolve \'host.docker.internal\' ([Errno 8] nodename nor servname provided, or not known)"))'})
2026-07-28 00:03:11,060 [INFO]    [PASS] sales_transactions - Applied 1 action(s)
2026-07-28 00:03:11,071 [WARNING] Retrying (_WeightedRetry(total=3, connect=None, read=None, redirect=None, status=None)) after connection broken by 'NameResolutionError("HTTPConnection(host='host.docker.internal', port=8080): Failed to resolve 'host.docker.internal' ([Errno 8] nodename nor servname provided, or not known)")': /aspects?action=ingestProposal
2026-07-28 00:03:15,076 [WARNING] Retrying (_WeightedRetry(total=2, connect=None, read=None, redirect=None, status=None)) after connection broken by 'NameResolutionError("HTTPConnection(host='host.docker.internal', port=8080): Failed to resolve 'host.docker.internal' ([Errno 8] nodename nor servname provided, or not known)")': /aspects?action=ingestProposal
2026-07-28 00:03:23,087 [WARNING] Retrying (_WeightedRetry(total=1, connect=None, read=None, redirect=None, status=None)) after connection broken by 'NameResolutionError("HTTPConnection(host='host.docker.internal', port=8080): Failed to resolve 'host.docker.internal' ([Errno 8] nodename nor servname provided, or not known)")': /aspects?action=ingestProposal
2026-07-28 00:03:39,096 [WARNING] Retrying (_WeightedRetry(total=0, connect=None, read=None, redirect=None, status=None)) after connection broken by 'NameResolutionError("HTTPConnection(host='host.docker.internal', port=8080): Failed to resolve 'host.docker.internal' ([Errno 8] nodename nor servname provided, or not known)")': /aspects?action=ingestProposal
2026-07-28 00:03:39,101 [ERROR] Failed to add tag to unnamed_table: ('Unable to emit metadata to DataHub GMS', {'message': 'HTTPConnectionPool(host=\'host.docker.internal\', port=8080): Max retries exceeded with url: /aspects?action=ingestProposal (Caused by NameResolutionError("HTTPConnection(host=\'host.docker.internal\', port=8080): Failed to resolve \'host.docker.internal\' ([Errno 8] nodename nor servname provided, or not known)"))'})
2026-07-28 00:03:39,101 [INFO]    [FAIL] unnamed_table - Applied 1 action(s)
2026-07-28 00:03:39,101 [INFO] \Rule: All datasets must have descriptions
2026-07-28 00:03:39,110 [WARNING] Retrying (_WeightedRetry(total=3, connect=None, read=None, redirect=None, status=None)) after connection broken by 'NameResolutionError("HTTPConnection(host='host.docker.internal', port=8080): Failed to resolve 'host.docker.internal' ([Errno 8] nodename nor servname provided, or not known)")': /aspects?action=ingestProposal
2026-07-28 00:03:43,113 [WARNING] Retrying (_WeightedRetry(total=2, connect=None, read=None, redirect=None, status=None)) after connection broken by 'NameResolutionError("HTTPConnection(host='host.docker.internal', port=8080): Failed to resolve 'host.docker.internal' ([Errno 8] nodename nor servname provided, or not known)")': /aspects?action=ingestProposal
2026-07-28 00:03:51,122 [WARNING] Retrying (_WeightedRetry(total=1, connect=None, read=None, redirect=None, status=None)) after connection broken by 'NameResolutionError("HTTPConnection(host='host.docker.internal', port=8080): Failed to resolve 'host.docker.internal' ([Errno 8] nodename nor servname provided, or not known)")': /aspects?action=ingestProposal
2026-07-28 00:04:07,133 [WARNING] Retrying (_WeightedRetry(total=0, connect=None, read=None, redirect=None, status=None)) after connection broken by 'NameResolutionError("HTTPConnection(host='host.docker.internal', port=8080): Failed to resolve 'host.docker.internal' ([Errno 8] nodename nor servname provided, or not known)")': /aspects?action=ingestProposal
2026-07-28 00:04:07,137 [ERROR] Failed to add tag to user_profiles: ('Unable to emit metadata to DataHub GMS', {'message': 'HTTPConnectionPool(host=\'host.docker.internal\', port=8080): Max retries exceeded with url: /aspects?action=ingestProposal (Caused by NameResolutionError("HTTPConnection(host=\'host.docker.internal\', port=8080): Failed to resolve \'host.docker.internal\' ([Errno 8] nodename nor servname provided, or not known)"))'})
2026-07-28 00:04:07,137 [INFO]    [PASS] user_profiles - Applied 1 action(s)
2026-07-28 00:04:07,144 [WARNING] Retrying (_WeightedRetry(total=3, connect=None, read=None, redirect=None, status=None)) after connection broken by 'NameResolutionError("HTTPConnection(host='host.docker.internal', port=8080): Failed to resolve 'host.docker.internal' ([Errno 8] nodename nor servname provided, or not known)")': /aspects?action=ingestProposal
2026-07-28 00:04:11,148 [WARNING] Retrying (_WeightedRetry(total=2, connect=None, read=None, redirect=None, status=None)) after connection broken by 'NameResolutionError("HTTPConnection(host='host.docker.internal', port=8080): Failed to resolve 'host.docker.internal' ([Errno 8] nodename nor servname provided, or not known)")': /aspects?action=ingestProposal
2026-07-28 00:04:19,155 [WARNING] Retrying (_WeightedRetry(total=1, connect=None, read=None, redirect=None, status=None)) after connection broken by 'NameResolutionError("HTTPConnection(host='host.docker.internal', port=8080): Failed to resolve 'host.docker.internal' ([Errno 8] nodename nor servname provided, or not known)")': /aspects?action=ingestProposal
2026-07-28 00:04:35,168 [WARNING] Retrying (_WeightedRetry(total=0, connect=None, read=None, redirect=None, status=None)) after connection broken by 'NameResolutionError("HTTPConnection(host='host.docker.internal', port=8080): Failed to resolve 'host.docker.internal' ([Errno 8] nodename nor servname provided, or not known)")': /aspects?action=ingestProposal
2026-07-28 00:04:35,175 [ERROR] Failed to add tag to sales_transactions: ('Unable to emit metadata to DataHub GMS', {'message': 'HTTPConnectionPool(host=\'host.docker.internal\', port=8080): Max retries exceeded with url: /aspects?action=ingestProposal (Caused by NameResolutionError("HTTPConnection(host=\'host.docker.internal\', port=8080): Failed to resolve \'host.docker.internal\' ([Errno 8] nodename nor servname provided, or not known)"))'})
2026-07-28 00:04:35,175 [INFO]    [PASS] sales_transactions - Applied 1 action(s)
2026-07-28 00:04:35,181 [WARNING] Retrying (_WeightedRetry(total=3, connect=None, read=None, redirect=None, status=None)) after connection broken by 'NameResolutionError("HTTPConnection(host='host.docker.internal', port=8080): Failed to resolve 'host.docker.internal' ([Errno 8] nodename nor servname provided, or not known)")': /aspects?action=ingestProposal
2026-07-28 00:04:39,188 [WARNING] Retrying (_WeightedRetry(total=2, connect=None, read=None, redirect=None, status=None)) after connection broken by 'NameResolutionError("HTTPConnection(host='host.docker.internal', port=8080): Failed to resolve 'host.docker.internal' ([Errno 8] nodename nor servname provided, or not known)")': /aspects?action=ingestProposal
2026-07-28 00:04:47,564 [INFO] Loaded 2 rules
2026-07-28 00:04:47,564 [INFO] 📊 Fetched 3 datasets from DataHub
2026-07-28 00:04:47,564 [INFO] Running 2 on 3 
2026-07-28 00:04:47,564 [INFO] \Rule: All datasets must have owners
2026-07-28 00:04:47,672 [INFO] Added tag 'urn:li:tag:Compliant' to user_profiles
2026-07-28 00:04:47,672 [INFO]    [PASS] user_profiles - Applied 1 action(s)
2026-07-28 00:04:47,714 [INFO] Added tag 'urn:li:tag:Compliant' to sales_transactions
2026-07-28 00:04:47,714 [INFO]    [PASS] sales_transactions - Applied 1 action(s)
2026-07-28 00:04:47,747 [INFO] Added tag 'urn:li:tag:NeedsOwner' to unnamed_table
2026-07-28 00:04:47,747 [INFO]    [FAIL] unnamed_table - Applied 1 action(s)
2026-07-28 00:04:47,747 [INFO] \Rule: All datasets must have descriptions
2026-07-28 00:04:47,790 [INFO] Added tag 'urn:li:tag:HasDescription' to user_profiles
2026-07-28 00:04:47,790 [INFO]    [PASS] user_profiles - Applied 1 action(s)
2026-07-28 00:04:47,851 [INFO] Added tag 'urn:li:tag:HasDescription' to sales_transactions
2026-07-28 00:04:47,851 [INFO]    [PASS] sales_transactions - Applied 1 action(s)
2026-07-28 00:04:47,903 [INFO] Added tag 'urn:li:tag:NeedsDescription' to unnamed_table
2026-07-28 00:04:47,903 [INFO]    [FAIL] unnamed_table - Applied 1 action(s)
2026-07-28 00:08:04,501 [INFO] Loaded 2 rules
2026-07-28 00:08:04,501 [INFO] 📊 Fetched 3 datasets from DataHub
2026-07-28 00:08:04,501 [INFO] Running 2 on 3 
2026-07-28 00:08:04,501 [INFO] \Rule: All datasets must have owners
2026-07-28 00:08:04,589 [INFO] Added tag 'urn:li:tag:Compliant' to user_profiles
2026-07-28 00:08:04,589 [INFO]    [PASS] user_profiles - Applied 1 action(s)
2026-07-28 00:08:04,621 [INFO] Added tag 'urn:li:tag:Compliant' to sales_transactions
2026-07-28 00:08:04,621 [INFO]    [PASS] sales_transactions - Applied 1 action(s)
2026-07-28 00:08:04,666 [INFO] Added tag 'urn:li:tag:NeedsOwner' to unnamed_table
2026-07-28 00:08:04,666 [INFO]    [FAIL] unnamed_table - Applied 1 action(s)
2026-07-28 00:08:04,666 [INFO] \Rule: All datasets must have descriptions
2026-07-28 00:08:04,699 [INFO] Added tag 'urn:li:tag:HasDescription' to user_profiles
2026-07-28 00:08:04,699 [INFO]    [PASS] user_profiles - Applied 1 action(s)
2026-07-28 00:08:04,725 [INFO] Added tag 'urn:li:tag:HasDescription' to sales_transactions
2026-07-28 00:08:04,725 [INFO]    [PASS] sales_transactions - Applied 1 action(s)
2026-07-28 00:08:04,758 [INFO] Added tag 'urn:li:tag:NeedsDescription' to unnamed_table
2026-07-28 00:08:04,759 [INFO]    [FAIL] unnamed_table - Applied 1 action(s)
2026-07-28 00:15:33,415 [INFO] Loaded 2 rules
2026-07-28 00:15:33,416 [INFO] 📊 Fetched 3 datasets from DataHub
2026-07-28 00:15:33,416 [INFO] Running 2 on 3 
2026-07-28 00:15:33,416 [INFO] \Rule: All datasets must have owners
2026-07-28 00:15:33,469 [INFO] Added tag 'urn:li:tag:Compliant' to user_profiles
2026-07-28 00:15:33,469 [INFO]    [PASS] user_profiles - Applied 1 action(s)
2026-07-28 00:15:33,543 [INFO] Added tag 'urn:li:tag:Compliant' to sales_transactions
2026-07-28 00:15:33,544 [INFO]    [PASS] sales_transactions - Applied 1 action(s)
2026-07-28 00:15:33,575 [INFO] Added tag 'urn:li:tag:NeedsOwner' to unnamed_table
2026-07-28 00:15:33,575 [INFO]    [FAIL] unnamed_table - Applied 1 action(s)
2026-07-28 00:15:33,575 [INFO] \Rule: All datasets must have descriptions
2026-07-28 00:15:33,606 [INFO] Added tag 'urn:li:tag:HasDescription' to user_profiles
2026-07-28 00:15:33,606 [INFO]    [PASS] user_profiles - Applied 1 action(s)
2026-07-28 00:15:33,638 [INFO] Added tag 'urn:li:tag:HasDescription' to sales_transactions
2026-07-28 00:15:33,638 [INFO]    [PASS] sales_transactions - Applied 1 action(s)
2026-07-28 00:15:33,669 [INFO] Added tag 'urn:li:tag:NeedsDescription' to unnamed_table
2026-07-28 00:15:33,670 [INFO]    [FAIL] unnamed_table - Applied 1 action(s)
2026-07-28 00:44:09,468 [INFO] Loaded 2 rules
2026-07-28 00:44:09,554 [INFO] ✅ Fetched 17 real datasets from DataHub
2026-07-28 00:44:09,554 [INFO] 📊 Fetched 17 datasets from DataHub
2026-07-28 00:44:09,554 [INFO] Running 2 on 17 
2026-07-28 00:44:09,554 [INFO] \Rule: All datasets must have owners
2026-07-28 00:44:09,617 [INFO] Added tag 'urn:li:tag:Compliant' to product_catalog
2026-07-28 00:44:09,617 [INFO]    [PASS] product_catalog - Applied 1 action(s)
2026-07-28 00:44:09,653 [INFO] Added tag 'urn:li:tag:Compliant' to user_profiles
2026-07-28 00:44:09,653 [INFO]    [PASS] user_profiles - Applied 1 action(s)
2026-07-28 00:44:09,685 [INFO] Added tag 'urn:li:tag:Compliant' to sales_transactions
2026-07-28 00:44:09,685 [INFO]    [PASS] sales_transactions - Applied 1 action(s)
2026-07-28 00:44:09,714 [INFO] Added tag 'urn:li:tag:Compliant' to weather_forecasts
2026-07-28 00:44:09,714 [INFO]    [PASS] weather_forecasts - Applied 1 action(s)
2026-07-28 00:44:09,739 [INFO] Added tag 'urn:li:tag:Compliant' to website_traffic
2026-07-28 00:44:09,740 [INFO]    [PASS] website_traffic - Applied 1 action(s)
2026-07-28 00:44:09,773 [INFO] Added tag 'urn:li:tag:Compliant' to product_reviews
2026-07-28 00:44:09,773 [INFO]    [PASS] product_reviews - Applied 1 action(s)
2026-07-28 00:44:09,804 [INFO] Added tag 'urn:li:tag:Compliant' to employee_records
2026-07-28 00:44:09,805 [INFO]    [PASS] employee_records - Applied 1 action(s)
2026-07-28 00:44:09,835 [INFO] Added tag 'urn:li:tag:Compliant' to user_login_audit
2026-07-28 00:44:09,835 [INFO]    [PASS] user_login_audit - Applied 1 action(s)
2026-07-28 00:44:09,863 [INFO] Added tag 'urn:li:tag:Compliant' to financial_transactions
2026-07-28 00:44:09,863 [INFO]    [PASS] financial_transactions - Applied 1 action(s)
2026-07-28 00:44:09,891 [INFO] Added tag 'urn:li:tag:Compliant' to Nadatest_table
2026-07-28 00:44:09,891 [INFO]    [PASS] Nadatest_table - Applied 1 action(s)
2026-07-28 00:44:09,917 [INFO] Added tag 'urn:li:tag:Compliant' to customer_support_tickets
2026-07-28 00:44:09,917 [INFO]    [PASS] customer_support_tickets - Applied 1 action(s)
2026-07-28 00:44:09,945 [INFO] Added tag 'urn:li:tag:Compliant' to inventory_warehouses
2026-07-28 00:44:09,945 [INFO]    [PASS] inventory_warehouses - Applied 1 action(s)
2026-07-28 00:44:09,972 [INFO] Added tag 'urn:li:tag:Compliant' to marketing_campaigns
2026-07-28 00:44:09,973 [INFO]    [PASS] marketing_campaigns - Applied 1 action(s)
2026-07-28 00:44:10,006 [INFO] Added tag 'urn:li:tag:Compliant' to iot_sensor_data
2026-07-28 00:44:10,006 [INFO]    [PASS] iot_sensor_data - Applied 1 action(s)
2026-07-28 00:44:10,035 [INFO] Added tag 'urn:li:tag:NeedsOwner' to unnamed_table
2026-07-28 00:44:10,035 [INFO]    [FAIL] unnamed_table - Applied 1 action(s)
2026-07-28 00:44:10,078 [INFO] Added tag 'urn:li:tag:NeedsOwner' to customer_orders
2026-07-28 00:44:10,078 [INFO]    [FAIL] customer_orders - Applied 1 action(s)
2026-07-28 00:44:10,114 [INFO] Added tag 'urn:li:tag:NeedsOwner' to inventory_log
2026-07-28 00:44:10,114 [INFO]    [FAIL] inventory_log - Applied 1 action(s)
2026-07-28 00:44:10,114 [INFO] \Rule: All datasets must have descriptions
2026-07-28 00:44:10,152 [INFO] Added tag 'urn:li:tag:HasDescription' to product_catalog
2026-07-28 00:44:10,152 [INFO]    [PASS] product_catalog - Applied 1 action(s)
2026-07-28 00:44:10,181 [INFO] Added tag 'urn:li:tag:HasDescription' to user_profiles
2026-07-28 00:44:10,181 [INFO]    [PASS] user_profiles - Applied 1 action(s)
2026-07-28 00:44:10,212 [INFO] Added tag 'urn:li:tag:HasDescription' to sales_transactions
2026-07-28 00:44:10,212 [INFO]    [PASS] sales_transactions - Applied 1 action(s)
2026-07-28 00:44:10,262 [INFO] Added tag 'urn:li:tag:HasDescription' to weather_forecasts
2026-07-28 00:44:10,262 [INFO]    [PASS] weather_forecasts - Applied 1 action(s)
2026-07-28 00:44:10,291 [INFO] Added tag 'urn:li:tag:HasDescription' to website_traffic
2026-07-28 00:44:10,291 [INFO]    [PASS] website_traffic - Applied 1 action(s)
2026-07-28 00:44:10,320 [INFO] Added tag 'urn:li:tag:HasDescription' to product_reviews
2026-07-28 00:44:10,320 [INFO]    [PASS] product_reviews - Applied 1 action(s)
2026-07-28 00:44:10,347 [INFO] Added tag 'urn:li:tag:HasDescription' to employee_records
2026-07-28 00:44:10,347 [INFO]    [PASS] employee_records - Applied 1 action(s)
2026-07-28 00:44:10,375 [INFO] Added tag 'urn:li:tag:HasDescription' to user_login_audit
2026-07-28 00:44:10,375 [INFO]    [PASS] user_login_audit - Applied 1 action(s)
2026-07-28 00:44:10,401 [INFO] Added tag 'urn:li:tag:HasDescription' to financial_transactions
2026-07-28 00:44:10,401 [INFO]    [PASS] financial_transactions - Applied 1 action(s)
2026-07-28 00:44:10,427 [INFO] Added tag 'urn:li:tag:HasDescription' to Nadatest_table
2026-07-28 00:44:10,427 [INFO]    [PASS] Nadatest_table - Applied 1 action(s)
2026-07-28 00:44:10,456 [INFO] Added tag 'urn:li:tag:HasDescription' to customer_support_tickets
2026-07-28 00:44:10,456 [INFO]    [PASS] customer_support_tickets - Applied 1 action(s)
2026-07-28 00:44:10,486 [INFO] Added tag 'urn:li:tag:HasDescription' to inventory_warehouses
2026-07-28 00:44:10,486 [INFO]    [PASS] inventory_warehouses - Applied 1 action(s)
2026-07-28 00:44:10,513 [INFO] Added tag 'urn:li:tag:HasDescription' to marketing_campaigns
2026-07-28 00:44:10,513 [INFO]    [PASS] marketing_campaigns - Applied 1 action(s)
2026-07-28 00:44:10,543 [INFO] Added tag 'urn:li:tag:HasDescription' to iot_sensor_data
2026-07-28 00:44:10,543 [INFO]    [PASS] iot_sensor_data - Applied 1 action(s)
2026-07-28 00:44:10,576 [INFO] Added tag 'urn:li:tag:NeedsDescription' to unnamed_table
2026-07-28 00:44:10,577 [INFO]    [FAIL] unnamed_table - Applied 1 action(s)
2026-07-28 00:44:10,603 [INFO] Added tag 'urn:li:tag:NeedsDescription' to customer_orders
2026-07-28 00:44:10,603 [INFO]    [FAIL] customer_orders - Applied 1 action(s)
2026-07-28 00:44:10,636 [INFO] Added tag 'urn:li:tag:NeedsDescription' to inventory_log
2026-07-28 00:44:10,637 [INFO]    [FAIL] inventory_log - Applied 1 action(s)
2026-07-28 00:48:25,555 [INFO] Loaded 2 rules
2026-07-28 00:48:25,698 [INFO] ✅ Fetched 17 real datasets from DataHub
2026-07-28 00:48:25,699 [INFO] 📊 Fetched 17 datasets from DataHub
2026-07-28 00:48:25,699 [INFO] Running 2 on 17 
2026-07-28 00:48:25,699 [INFO] \Rule: All datasets must have owners
2026-07-28 00:48:25,699 [INFO]    [DRY RUN] Would add tag 'urn:li:tag:Compliant' to product_catalog
2026-07-28 00:48:25,699 [INFO]    [PASS] product_catalog - Applied 1 action(s)
2026-07-28 00:48:25,699 [INFO]    [DRY RUN] Would add tag 'urn:li:tag:Compliant' to weather_forecasts
2026-07-28 00:48:25,699 [INFO]    [PASS] weather_forecasts - Applied 1 action(s)
2026-07-28 00:48:25,699 [INFO]    [DRY RUN] Would add tag 'urn:li:tag:Compliant' to website_traffic
2026-07-28 00:48:25,699 [INFO]    [PASS] website_traffic - Applied 1 action(s)
2026-07-28 00:48:25,699 [INFO]    [DRY RUN] Would add tag 'urn:li:tag:Compliant' to product_reviews
2026-07-28 00:48:25,699 [INFO]    [PASS] product_reviews - Applied 1 action(s)
2026-07-28 00:48:25,699 [INFO]    [DRY RUN] Would add tag 'urn:li:tag:Compliant' to employee_records
2026-07-28 00:48:25,699 [INFO]    [PASS] employee_records - Applied 1 action(s)
2026-07-28 00:48:25,699 [INFO]    [DRY RUN] Would add tag 'urn:li:tag:Compliant' to user_login_audit
2026-07-28 00:48:25,699 [INFO]    [PASS] user_login_audit - Applied 1 action(s)
2026-07-28 00:48:25,699 [INFO]    [DRY RUN] Would add tag 'urn:li:tag:Compliant' to financial_transactions
2026-07-28 00:48:25,699 [INFO]    [PASS] financial_transactions - Applied 1 action(s)
2026-07-28 00:48:25,699 [INFO]    [DRY RUN] Would add tag 'urn:li:tag:Compliant' to Nadatest_table
2026-07-28 00:48:25,699 [INFO]    [PASS] Nadatest_table - Applied 1 action(s)
2026-07-28 00:48:25,699 [INFO]    [DRY RUN] Would add tag 'urn:li:tag:Compliant' to customer_support_tickets
2026-07-28 00:48:25,699 [INFO]    [PASS] customer_support_tickets - Applied 1 action(s)
2026-07-28 00:48:25,700 [INFO]    [DRY RUN] Would add tag 'urn:li:tag:Compliant' to inventory_warehouses
2026-07-28 00:48:25,700 [INFO]    [PASS] inventory_warehouses - Applied 1 action(s)
2026-07-28 00:48:25,700 [INFO]    [DRY RUN] Would add tag 'urn:li:tag:Compliant' to user_profiles
2026-07-28 00:48:25,700 [INFO]    [PASS] user_profiles - Applied 1 action(s)
2026-07-28 00:48:25,700 [INFO]    [DRY RUN] Would add tag 'urn:li:tag:Compliant' to marketing_campaigns
2026-07-28 00:48:25,700 [INFO]    [PASS] marketing_campaigns - Applied 1 action(s)
2026-07-28 00:48:25,700 [INFO]    [DRY RUN] Would add tag 'urn:li:tag:Compliant' to iot_sensor_data
2026-07-28 00:48:25,700 [INFO]    [PASS] iot_sensor_data - Applied 1 action(s)
2026-07-28 00:48:25,700 [INFO]    [DRY RUN] Would add tag 'urn:li:tag:Compliant' to sales_transactions
2026-07-28 00:48:25,700 [INFO]    [PASS] sales_transactions - Applied 1 action(s)
2026-07-28 00:48:25,700 [INFO]    [DRY RUN] Would add tag 'urn:li:tag:NeedsOwner' to unnamed_table
2026-07-28 00:48:25,700 [INFO]    [FAIL] unnamed_table - Applied 1 action(s)
2026-07-28 00:48:25,700 [INFO]    [DRY RUN] Would add tag 'urn:li:tag:NeedsOwner' to customer_orders
2026-07-28 00:48:25,700 [INFO]    [FAIL] customer_orders - Applied 1 action(s)
2026-07-28 00:48:25,700 [INFO]    [DRY RUN] Would add tag 'urn:li:tag:NeedsOwner' to inventory_log
2026-07-28 00:48:25,700 [INFO]    [FAIL] inventory_log - Applied 1 action(s)
2026-07-28 00:48:25,700 [INFO] \Rule: All datasets must have descriptions
2026-07-28 00:48:25,700 [INFO]    [DRY RUN] Would add tag 'urn:li:tag:HasDescription' to product_catalog
2026-07-28 00:48:25,700 [INFO]    [PASS] product_catalog - Applied 1 action(s)
2026-07-28 00:48:25,700 [INFO]    [DRY RUN] Would add tag 'urn:li:tag:HasDescription' to weather_forecasts
2026-07-28 00:48:25,700 [INFO]    [PASS] weather_forecasts - Applied 1 action(s)
2026-07-28 00:48:25,700 [INFO]    [DRY RUN] Would add tag 'urn:li:tag:HasDescription' to website_traffic
2026-07-28 00:48:25,700 [INFO]    [PASS] website_traffic - Applied 1 action(s)
2026-07-28 00:48:25,700 [INFO]    [DRY RUN] Would add tag 'urn:li:tag:HasDescription' to product_reviews
2026-07-28 00:48:25,700 [INFO]    [PASS] product_reviews - Applied 1 action(s)
2026-07-28 00:48:25,700 [INFO]    [DRY RUN] Would add tag 'urn:li:tag:HasDescription' to employee_records
2026-07-28 00:48:25,700 [INFO]    [PASS] employee_records - Applied 1 action(s)
2026-07-28 00:48:25,700 [INFO]    [DRY RUN] Would add tag 'urn:li:tag:HasDescription' to user_login_audit
2026-07-28 00:48:25,700 [INFO]    [PASS] user_login_audit - Applied 1 action(s)
2026-07-28 00:48:25,700 [INFO]    [DRY RUN] Would add tag 'urn:li:tag:HasDescription' to financial_transactions
2026-07-28 00:48:25,700 [INFO]    [PASS] financial_transactions - Applied 1 action(s)
2026-07-28 00:48:25,701 [INFO]    [DRY RUN] Would add tag 'urn:li:tag:HasDescription' to Nadatest_table
2026-07-28 00:48:25,701 [INFO]    [PASS] Nadatest_table - Applied 1 action(s)
2026-07-28 00:48:25,701 [INFO]    [DRY RUN] Would add tag 'urn:li:tag:HasDescription' to customer_support_tickets
2026-07-28 00:48:25,701 [INFO]    [PASS] customer_support_tickets - Applied 1 action(s)
2026-07-28 00:48:25,701 [INFO]    [DRY RUN] Would add tag 'urn:li:tag:HasDescription' to inventory_warehouses
2026-07-28 00:48:25,701 [INFO]    [PASS] inventory_warehouses - Applied 1 action(s)
2026-07-28 00:48:25,701 [INFO]    [DRY RUN] Would add tag 'urn:li:tag:HasDescription' to user_profiles
2026-07-28 00:48:25,701 [INFO]    [PASS] user_profiles - Applied 1 action(s)
2026-07-28 00:48:25,701 [INFO]    [DRY RUN] Would add tag 'urn:li:tag:HasDescription' to marketing_campaigns
2026-07-28 00:48:25,701 [INFO]    [PASS] marketing_campaigns - Applied 1 action(s)
2026-07-28 00:48:25,701 [INFO]    [DRY RUN] Would add tag 'urn:li:tag:HasDescription' to iot_sensor_data
2026-07-28 00:48:25,701 [INFO]    [PASS] iot_sensor_data - Applied 1 action(s)
2026-07-28 00:48:25,701 [INFO]    [DRY RUN] Would add tag 'urn:li:tag:HasDescription' to sales_transactions
2026-07-28 00:48:25,701 [INFO]    [PASS] sales_transactions - Applied 1 action(s)
2026-07-28 00:48:25,701 [INFO]    [DRY RUN] Would add tag 'urn:li:tag:NeedsDescription' to unnamed_table
2026-07-28 00:48:25,701 [INFO]    [FAIL] unnamed_table - Applied 1 action(s)
2026-07-28 00:48:25,701 [INFO]    [DRY RUN] Would add tag 'urn:li:tag:NeedsDescription' to customer_orders
2026-07-28 00:48:25,701 [INFO]    [FAIL] customer_orders - Applied 1 action(s)
2026-07-28 00:48:25,701 [INFO]    [DRY RUN] Would add tag 'urn:li:tag:NeedsDescription' to inventory_log
2026-07-28 00:48:25,701 [INFO]    [FAIL] inventory_log - Applied 1 action(s)
2026-07-28 00:50:48,473 [INFO] Loaded 2 rules
2026-07-28 00:50:48,577 [INFO] ✅ Fetched 17 real datasets from DataHub
2026-07-28 00:50:48,577 [INFO] 📊 Fetched 17 datasets from DataHub
2026-07-28 00:50:48,577 [INFO] Running 2 on 17 
2026-07-28 00:50:48,577 [INFO] \Rule: All datasets must have owners
2026-07-28 00:50:48,635 [INFO] Added tag 'urn:li:tag:Compliant' to product_catalog
2026-07-28 00:50:48,635 [INFO]    [PASS] product_catalog - Applied 1 action(s)
2026-07-28 00:50:48,670 [INFO] Added tag 'urn:li:tag:Compliant' to weather_forecasts
2026-07-28 00:50:48,670 [INFO]    [PASS] weather_forecasts - Applied 1 action(s)
2026-07-28 00:50:48,704 [INFO] Added tag 'urn:li:tag:Compliant' to website_traffic
2026-07-28 00:50:48,704 [INFO]    [PASS] website_traffic - Applied 1 action(s)
2026-07-28 00:50:48,733 [INFO] Added tag 'urn:li:tag:Compliant' to product_reviews
2026-07-28 00:50:48,733 [INFO]    [PASS] product_reviews - Applied 1 action(s)
2026-07-28 00:50:48,767 [INFO] Added tag 'urn:li:tag:Compliant' to employee_records
2026-07-28 00:50:48,768 [INFO]    [PASS] employee_records - Applied 1 action(s)
2026-07-28 00:50:48,801 [INFO] Added tag 'urn:li:tag:Compliant' to user_login_audit
2026-07-28 00:50:48,801 [INFO]    [PASS] user_login_audit - Applied 1 action(s)
2026-07-28 00:50:48,832 [INFO] Added tag 'urn:li:tag:Compliant' to financial_transactions
2026-07-28 00:50:48,832 [INFO]    [PASS] financial_transactions - Applied 1 action(s)
2026-07-28 00:50:48,905 [INFO] Added tag 'urn:li:tag:Compliant' to Nadatest_table
2026-07-28 00:50:48,905 [INFO]    [PASS] Nadatest_table - Applied 1 action(s)
2026-07-28 00:50:48,937 [INFO] Added tag 'urn:li:tag:Compliant' to customer_support_tickets
2026-07-28 00:50:48,937 [INFO]    [PASS] customer_support_tickets - Applied 1 action(s)
2026-07-28 00:50:48,972 [INFO] Added tag 'urn:li:tag:Compliant' to inventory_warehouses
2026-07-28 00:50:48,972 [INFO]    [PASS] inventory_warehouses - Applied 1 action(s)
2026-07-28 00:50:49,008 [INFO] Added tag 'urn:li:tag:Compliant' to user_profiles
2026-07-28 00:50:49,008 [INFO]    [PASS] user_profiles - Applied 1 action(s)
2026-07-28 00:50:49,034 [INFO] Added tag 'urn:li:tag:Compliant' to marketing_campaigns
2026-07-28 00:50:49,034 [INFO]    [PASS] marketing_campaigns - Applied 1 action(s)
2026-07-28 00:50:49,067 [INFO] Added tag 'urn:li:tag:Compliant' to iot_sensor_data
2026-07-28 00:50:49,068 [INFO]    [PASS] iot_sensor_data - Applied 1 action(s)
2026-07-28 00:50:49,096 [INFO] Added tag 'urn:li:tag:Compliant' to sales_transactions
2026-07-28 00:50:49,097 [INFO]    [PASS] sales_transactions - Applied 1 action(s)
2026-07-28 00:50:49,129 [INFO] Added tag 'urn:li:tag:NeedsOwner' to customer_orders
2026-07-28 00:50:49,129 [INFO]    [FAIL] customer_orders - Applied 1 action(s)
2026-07-28 00:50:49,164 [INFO] Added tag 'urn:li:tag:NeedsOwner' to inventory_log
2026-07-28 00:50:49,164 [INFO]    [FAIL] inventory_log - Applied 1 action(s)
2026-07-28 00:50:49,193 [INFO] Added tag 'urn:li:tag:NeedsOwner' to unnamed_table
2026-07-28 00:50:49,194 [INFO]    [FAIL] unnamed_table - Applied 1 action(s)
2026-07-28 00:50:49,194 [INFO] \Rule: All datasets must have descriptions
2026-07-28 00:50:49,225 [INFO] Added tag 'urn:li:tag:HasDescription' to product_catalog
2026-07-28 00:50:49,225 [INFO]    [PASS] product_catalog - Applied 1 action(s)
2026-07-28 00:50:49,256 [INFO] Added tag 'urn:li:tag:HasDescription' to weather_forecasts
2026-07-28 00:50:49,257 [INFO]    [PASS] weather_forecasts - Applied 1 action(s)
2026-07-28 00:50:49,293 [INFO] Added tag 'urn:li:tag:HasDescription' to website_traffic
2026-07-28 00:50:49,293 [INFO]    [PASS] website_traffic - Applied 1 action(s)
2026-07-28 00:50:49,319 [INFO] Added tag 'urn:li:tag:HasDescription' to product_reviews
2026-07-28 00:50:49,319 [INFO]    [PASS] product_reviews - Applied 1 action(s)
2026-07-28 00:50:49,348 [INFO] Added tag 'urn:li:tag:HasDescription' to employee_records
2026-07-28 00:50:49,349 [INFO]    [PASS] employee_records - Applied 1 action(s)
2026-07-28 00:50:49,379 [INFO] Added tag 'urn:li:tag:HasDescription' to user_login_audit
2026-07-28 00:50:49,379 [INFO]    [PASS] user_login_audit - Applied 1 action(s)
2026-07-28 00:50:49,408 [INFO] Added tag 'urn:li:tag:HasDescription' to financial_transactions
2026-07-28 00:50:49,409 [INFO]    [PASS] financial_transactions - Applied 1 action(s)
2026-07-28 00:50:49,442 [INFO] Added tag 'urn:li:tag:HasDescription' to Nadatest_table
2026-07-28 00:50:49,442 [INFO]    [PASS] Nadatest_table - Applied 1 action(s)
2026-07-28 00:50:49,475 [INFO] Added tag 'urn:li:tag:HasDescription' to customer_support_tickets
2026-07-28 00:50:49,475 [INFO]    [PASS] customer_support_tickets - Applied 1 action(s)
2026-07-28 00:50:49,510 [INFO] Added tag 'urn:li:tag:HasDescription' to inventory_warehouses
2026-07-28 00:50:49,511 [INFO]    [PASS] inventory_warehouses - Applied 1 action(s)
2026-07-28 00:50:49,551 [INFO] Added tag 'urn:li:tag:HasDescription' to user_profiles
2026-07-28 00:50:49,551 [INFO]    [PASS] user_profiles - Applied 1 action(s)
2026-07-28 00:50:49,580 [INFO] Added tag 'urn:li:tag:HasDescription' to marketing_campaigns
2026-07-28 00:50:49,581 [INFO]    [PASS] marketing_campaigns - Applied 1 action(s)
2026-07-28 00:50:49,614 [INFO] Added tag 'urn:li:tag:HasDescription' to iot_sensor_data
2026-07-28 00:50:49,614 [INFO]    [PASS] iot_sensor_data - Applied 1 action(s)
2026-07-28 00:50:49,641 [INFO] Added tag 'urn:li:tag:HasDescription' to sales_transactions
2026-07-28 00:50:49,641 [INFO]    [PASS] sales_transactions - Applied 1 action(s)
2026-07-28 00:50:49,666 [INFO] Added tag 'urn:li:tag:NeedsDescription' to customer_orders
2026-07-28 00:50:49,667 [INFO]    [FAIL] customer_orders - Applied 1 action(s)
2026-07-28 00:50:49,690 [INFO] Added tag 'urn:li:tag:NeedsDescription' to inventory_log
2026-07-28 00:50:49,691 [INFO]    [FAIL] inventory_log - Applied 1 action(s)
2026-07-28 00:50:49,719 [INFO] Added tag 'urn:li:tag:NeedsDescription' to unnamed_table
2026-07-28 00:50:49,719 [INFO]    [FAIL] unnamed_table - Applied 1 action(s)
2026-07-28 10:43:48,912 [INFO] Loaded 2 rules
2026-07-28 10:43:49,097 [INFO] ✅ Fetched 17 real datasets from DataHub
2026-07-28 10:43:49,097 [INFO] 📊 Fetched 17 datasets from DataHub
2026-07-28 10:43:49,097 [INFO] Running 2 on 17 
2026-07-28 10:43:49,098 [INFO] \Rule: All datasets must have owners
2026-07-28 10:43:49,098 [ERROR] Failed to add tag to product_catalog: 'str' object has no attribute 'tag'
2026-07-28 10:43:49,098 [INFO]    [PASS] product_catalog - Applied 1 action(s)
2026-07-28 10:43:49,098 [ERROR] Failed to add tag to weather_forecasts: 'str' object has no attribute 'tag'
2026-07-28 10:43:49,098 [INFO]    [PASS] weather_forecasts - Applied 1 action(s)
2026-07-28 10:43:49,098 [ERROR] Failed to add tag to website_traffic: 'str' object has no attribute 'tag'
2026-07-28 10:43:49,098 [INFO]    [PASS] website_traffic - Applied 1 action(s)
2026-07-28 10:43:49,098 [ERROR] Failed to add tag to product_reviews: 'str' object has no attribute 'tag'
2026-07-28 10:43:49,098 [INFO]    [PASS] product_reviews - Applied 1 action(s)
2026-07-28 10:43:49,098 [ERROR] Failed to add tag to employee_records: 'str' object has no attribute 'tag'
2026-07-28 10:43:49,098 [INFO]    [PASS] employee_records - Applied 1 action(s)
2026-07-28 10:43:49,098 [ERROR] Failed to add tag to user_login_audit: 'str' object has no attribute 'tag'
2026-07-28 10:43:49,098 [INFO]    [PASS] user_login_audit - Applied 1 action(s)
2026-07-28 10:43:49,098 [ERROR] Failed to add tag to financial_transactions: 'str' object has no attribute 'tag'
2026-07-28 10:43:49,098 [INFO]    [PASS] financial_transactions - Applied 1 action(s)
2026-07-28 10:43:49,098 [ERROR] Failed to add tag to Nadatest_table: 'str' object has no attribute 'tag'
2026-07-28 10:43:49,098 [INFO]    [PASS] Nadatest_table - Applied 1 action(s)
2026-07-28 10:43:49,099 [ERROR] Failed to add tag to customer_support_tickets: 'str' object has no attribute 'tag'
2026-07-28 10:43:49,099 [INFO]    [PASS] customer_support_tickets - Applied 1 action(s)
2026-07-28 10:43:49,099 [ERROR] Failed to add tag to inventory_warehouses: 'str' object has no attribute 'tag'
2026-07-28 10:43:49,099 [INFO]    [PASS] inventory_warehouses - Applied 1 action(s)
2026-07-28 10:43:49,099 [ERROR] Failed to add tag to user_profiles: 'str' object has no attribute 'tag'
2026-07-28 10:43:49,099 [INFO]    [PASS] user_profiles - Applied 1 action(s)
2026-07-28 10:43:49,099 [ERROR] Failed to add tag to marketing_campaigns: 'str' object has no attribute 'tag'
2026-07-28 10:43:49,099 [INFO]    [PASS] marketing_campaigns - Applied 1 action(s)
2026-07-28 10:43:49,099 [ERROR] Failed to add tag to iot_sensor_data: 'str' object has no attribute 'tag'
2026-07-28 10:43:49,099 [INFO]    [PASS] iot_sensor_data - Applied 1 action(s)
2026-07-28 10:43:49,099 [ERROR] Failed to add tag to sales_transactions: 'str' object has no attribute 'tag'
2026-07-28 10:43:49,099 [INFO]    [PASS] sales_transactions - Applied 1 action(s)
2026-07-28 10:43:49,099 [ERROR] Failed to add tag to unnamed_table: 'str' object has no attribute 'tag'
2026-07-28 10:43:49,099 [INFO]    [FAIL] unnamed_table - Applied 1 action(s)
2026-07-28 10:43:49,099 [ERROR] Failed to add tag to customer_orders: 'str' object has no attribute 'tag'
2026-07-28 10:43:49,099 [INFO]    [FAIL] customer_orders - Applied 1 action(s)
2026-07-28 10:43:49,099 [ERROR] Failed to add tag to inventory_log: 'str' object has no attribute 'tag'
2026-07-28 10:43:49,099 [INFO]    [FAIL] inventory_log - Applied 1 action(s)
2026-07-28 10:43:49,099 [INFO] \Rule: All datasets must have descriptions
2026-07-28 10:43:49,099 [ERROR] Failed to add tag to product_catalog: 'str' object has no attribute 'tag'
2026-07-28 10:43:49,099 [INFO]    [PASS] product_catalog - Applied 1 action(s)
2026-07-28 10:43:49,099 [ERROR] Failed to add tag to weather_forecasts: 'str' object has no attribute 'tag'
2026-07-28 10:43:49,099 [INFO]    [PASS] weather_forecasts - Applied 1 action(s)
2026-07-28 10:43:49,099 [ERROR] Failed to add tag to website_traffic: 'str' object has no attribute 'tag'
2026-07-28 10:43:49,099 [INFO]    [PASS] website_traffic - Applied 1 action(s)
2026-07-28 10:43:49,099 [ERROR] Failed to add tag to product_reviews: 'str' object has no attribute 'tag'
2026-07-28 10:43:49,099 [INFO]    [PASS] product_reviews - Applied 1 action(s)
2026-07-28 10:43:49,099 [ERROR] Failed to add tag to employee_records: 'str' object has no attribute 'tag'
2026-07-28 10:43:49,099 [INFO]    [PASS] employee_records - Applied 1 action(s)
2026-07-28 10:43:49,099 [ERROR] Failed to add tag to user_login_audit: 'str' object has no attribute 'tag'
2026-07-28 10:43:49,099 [INFO]    [PASS] user_login_audit - Applied 1 action(s)
2026-07-28 10:43:49,099 [ERROR] Failed to add tag to financial_transactions: 'str' object has no attribute 'tag'
2026-07-28 10:43:49,099 [INFO]    [PASS] financial_transactions - Applied 1 action(s)
2026-07-28 10:43:49,100 [ERROR] Failed to add tag to Nadatest_table: 'str' object has no attribute 'tag'
2026-07-28 10:43:49,100 [INFO]    [PASS] Nadatest_table - Applied 1 action(s)
2026-07-28 10:43:49,100 [ERROR] Failed to add tag to customer_support_tickets: 'str' object has no attribute 'tag'
2026-07-28 10:43:49,100 [INFO]    [PASS] customer_support_tickets - Applied 1 action(s)
2026-07-28 10:43:49,100 [ERROR] Failed to add tag to inventory_warehouses: 'str' object has no attribute 'tag'
2026-07-28 10:43:49,100 [INFO]    [PASS] inventory_warehouses - Applied 1 action(s)
2026-07-28 10:43:49,100 [ERROR] Failed to add tag to user_profiles: 'str' object has no attribute 'tag'
2026-07-28 10:43:49,100 [INFO]    [PASS] user_profiles - Applied 1 action(s)
2026-07-28 10:43:49,100 [ERROR] Failed to add tag to marketing_campaigns: 'str' object has no attribute 'tag'
2026-07-28 10:43:49,100 [INFO]    [PASS] marketing_campaigns - Applied 1 action(s)
2026-07-28 10:43:49,100 [ERROR] Failed to add tag to iot_sensor_data: 'str' object has no attribute 'tag'
2026-07-28 10:43:49,100 [INFO]    [PASS] iot_sensor_data - Applied 1 action(s)
2026-07-28 10:43:49,100 [ERROR] Failed to add tag to sales_transactions: 'str' object has no attribute 'tag'
2026-07-28 10:43:49,100 [INFO]    [PASS] sales_transactions - Applied 1 action(s)
2026-07-28 10:43:49,100 [ERROR] Failed to add tag to unnamed_table: 'str' object has no attribute 'tag'
2026-07-28 10:43:49,100 [INFO]    [FAIL] unnamed_table - Applied 1 action(s)
2026-07-28 10:43:49,100 [ERROR] Failed to add tag to customer_orders: 'str' object has no attribute 'tag'
2026-07-28 10:43:49,100 [INFO]    [FAIL] customer_orders - Applied 1 action(s)
2026-07-28 10:43:49,100 [ERROR] Failed to add tag to inventory_log: 'str' object has no attribute 'tag'
2026-07-28 10:43:49,100 [INFO]    [FAIL] inventory_log - Applied 1 action(s)
2026-07-28 10:44:09,489 [INFO] Loaded 2 rules
2026-07-28 10:44:09,633 [INFO] ✅ Fetched 17 real datasets from DataHub
2026-07-28 10:44:09,634 [INFO] 📊 Fetched 17 datasets from DataHub
2026-07-28 10:44:09,634 [INFO] Running 2 on 17 
2026-07-28 10:44:09,634 [INFO] \Rule: All datasets must have owners
2026-07-28 10:44:09,634 [ERROR] Failed to add tag to product_catalog: 'str' object has no attribute 'tag'
2026-07-28 10:44:09,634 [INFO]    [PASS] product_catalog - Applied 1 action(s)
2026-07-28 10:44:09,634 [ERROR] Failed to add tag to weather_forecasts: 'str' object has no attribute 'tag'
2026-07-28 10:44:09,634 [INFO]    [PASS] weather_forecasts - Applied 1 action(s)
2026-07-28 10:44:09,634 [ERROR] Failed to add tag to website_traffic: 'str' object has no attribute 'tag'
2026-07-28 10:44:09,634 [INFO]    [PASS] website_traffic - Applied 1 action(s)
2026-07-28 10:44:09,634 [ERROR] Failed to add tag to product_reviews: 'str' object has no attribute 'tag'
2026-07-28 10:44:09,634 [INFO]    [PASS] product_reviews - Applied 1 action(s)
2026-07-28 10:44:09,634 [ERROR] Failed to add tag to employee_records: 'str' object has no attribute 'tag'
2026-07-28 10:44:09,634 [INFO]    [PASS] employee_records - Applied 1 action(s)
2026-07-28 10:44:09,634 [ERROR] Failed to add tag to user_login_audit: 'str' object has no attribute 'tag'
2026-07-28 10:44:09,635 [INFO]    [PASS] user_login_audit - Applied 1 action(s)
2026-07-28 10:44:09,635 [ERROR] Failed to add tag to Nadatest_table: 'str' object has no attribute 'tag'
2026-07-28 10:44:09,635 [INFO]    [PASS] Nadatest_table - Applied 1 action(s)
2026-07-28 10:44:09,635 [ERROR] Failed to add tag to customer_support_tickets: 'str' object has no attribute 'tag'
2026-07-28 10:44:09,635 [INFO]    [PASS] customer_support_tickets - Applied 1 action(s)
2026-07-28 10:44:09,635 [ERROR] Failed to add tag to inventory_warehouses: 'str' object has no attribute 'tag'
2026-07-28 10:44:09,635 [INFO]    [PASS] inventory_warehouses - Applied 1 action(s)
2026-07-28 10:44:09,635 [ERROR] Failed to add tag to user_profiles: 'str' object has no attribute 'tag'
2026-07-28 10:44:09,635 [INFO]    [PASS] user_profiles - Applied 1 action(s)
2026-07-28 10:44:09,635 [ERROR] Failed to add tag to marketing_campaigns: 'str' object has no attribute 'tag'
2026-07-28 10:44:09,635 [INFO]    [PASS] marketing_campaigns - Applied 1 action(s)
2026-07-28 10:44:09,635 [ERROR] Failed to add tag to iot_sensor_data: 'str' object has no attribute 'tag'
2026-07-28 10:44:09,635 [INFO]    [PASS] iot_sensor_data - Applied 1 action(s)
2026-07-28 10:44:09,636 [ERROR] Failed to add tag to sales_transactions: 'str' object has no attribute 'tag'
2026-07-28 10:44:09,636 [INFO]    [PASS] sales_transactions - Applied 1 action(s)
2026-07-28 10:44:09,636 [ERROR] Failed to add tag to financial_transactions: 'str' object has no attribute 'tag'
2026-07-28 10:44:09,636 [INFO]    [PASS] financial_transactions - Applied 1 action(s)
2026-07-28 10:44:09,636 [ERROR] Failed to add tag to unnamed_table: 'str' object has no attribute 'tag'
2026-07-28 10:44:09,636 [INFO]    [FAIL] unnamed_table - Applied 1 action(s)
2026-07-28 10:44:09,636 [ERROR] Failed to add tag to customer_orders: 'str' object has no attribute 'tag'
2026-07-28 10:44:09,636 [INFO]    [FAIL] customer_orders - Applied 1 action(s)
2026-07-28 10:44:09,636 [ERROR] Failed to add tag to inventory_log: 'str' object has no attribute 'tag'
2026-07-28 10:44:09,636 [INFO]    [FAIL] inventory_log - Applied 1 action(s)
2026-07-28 10:44:09,636 [INFO] \Rule: All datasets must have descriptions
2026-07-28 10:44:09,636 [ERROR] Failed to add tag to product_catalog: 'str' object has no attribute 'tag'
2026-07-28 10:44:09,636 [INFO]    [PASS] product_catalog - Applied 1 action(s)
2026-07-28 10:44:09,636 [ERROR] Failed to add tag to weather_forecasts: 'str' object has no attribute 'tag'
2026-07-28 10:44:09,636 [INFO]    [PASS] weather_forecasts - Applied 1 action(s)
2026-07-28 10:44:09,636 [ERROR] Failed to add tag to website_traffic: 'str' object has no attribute 'tag'
2026-07-28 10:44:09,636 [INFO]    [PASS] website_traffic - Applied 1 action(s)
2026-07-28 10:44:09,636 [ERROR] Failed to add tag to product_reviews: 'str' object has no attribute 'tag'
2026-07-28 10:44:09,636 [INFO]    [PASS] product_reviews - Applied 1 action(s)
2026-07-28 10:44:09,636 [ERROR] Failed to add tag to employee_records: 'str' object has no attribute 'tag'
2026-07-28 10:44:09,636 [INFO]    [PASS] employee_records - Applied 1 action(s)
2026-07-28 10:44:09,636 [ERROR] Failed to add tag to user_login_audit: 'str' object has no attribute 'tag'
2026-07-28 10:44:09,636 [INFO]    [PASS] user_login_audit - Applied 1 action(s)
2026-07-28 10:44:09,636 [ERROR] Failed to add tag to Nadatest_table: 'str' object has no attribute 'tag'
2026-07-28 10:44:09,636 [INFO]    [PASS] Nadatest_table - Applied 1 action(s)
2026-07-28 10:44:09,636 [ERROR] Failed to add tag to customer_support_tickets: 'str' object has no attribute 'tag'
2026-07-28 10:44:09,636 [INFO]    [PASS] customer_support_tickets - Applied 1 action(s)
2026-07-28 10:44:09,636 [ERROR] Failed to add tag to inventory_warehouses: 'str' object has no attribute 'tag'
2026-07-28 10:44:09,636 [INFO]    [PASS] inventory_warehouses - Applied 1 action(s)
2026-07-28 10:44:09,636 [ERROR] Failed to add tag to user_profiles: 'str' object has no attribute 'tag'
2026-07-28 10:44:09,636 [INFO]    [PASS] user_profiles - Applied 1 action(s)
2026-07-28 10:44:09,636 [ERROR] Failed to add tag to marketing_campaigns: 'str' object has no attribute 'tag'
2026-07-28 10:44:09,636 [INFO]    [PASS] marketing_campaigns - Applied 1 action(s)
2026-07-28 10:44:09,636 [ERROR] Failed to add tag to iot_sensor_data: 'str' object has no attribute 'tag'
2026-07-28 10:44:09,636 [INFO]    [PASS] iot_sensor_data - Applied 1 action(s)
2026-07-28 10:44:09,636 [ERROR] Failed to add tag to sales_transactions: 'str' object has no attribute 'tag'
2026-07-28 10:44:09,636 [INFO]    [PASS] sales_transactions - Applied 1 action(s)
2026-07-28 10:44:09,637 [ERROR] Failed to add tag to financial_transactions: 'str' object has no attribute 'tag'
2026-07-28 10:44:09,637 [INFO]    [PASS] financial_transactions - Applied 1 action(s)
2026-07-28 10:44:09,637 [ERROR] Failed to add tag to unnamed_table: 'str' object has no attribute 'tag'
2026-07-28 10:44:09,637 [INFO]    [FAIL] unnamed_table - Applied 1 action(s)
2026-07-28 10:44:09,637 [ERROR] Failed to add tag to customer_orders: 'str' object has no attribute 'tag'
2026-07-28 10:44:09,637 [INFO]    [FAIL] customer_orders - Applied 1 action(s)
2026-07-28 10:44:09,637 [ERROR] Failed to add tag to inventory_log: 'str' object has no attribute 'tag'
2026-07-28 10:44:09,637 [INFO]    [FAIL] inventory_log - Applied 1 action(s)
2026-07-28 10:56:18,221 [INFO] Loaded 2 rules
2026-07-28 10:56:18,392 [INFO] ✅ Fetched 17 real datasets from DataHub
2026-07-28 10:56:18,393 [INFO] 📊 Fetched 17 datasets from DataHub
2026-07-28 10:56:18,393 [INFO] Running 2 on 17 
2026-07-28 10:56:18,393 [INFO] \Rule: All datasets must have owners
2026-07-28 10:56:18,393 [ERROR] Failed to add tag to product_catalog: 'str' object has no attribute 'tag'
2026-07-28 10:56:18,393 [INFO]    [PASS] product_catalog - Applied 1 action(s)
2026-07-28 10:56:18,393 [ERROR] Failed to add tag to weather_forecasts: 'str' object has no attribute 'tag'
2026-07-28 10:56:18,393 [INFO]    [PASS] weather_forecasts - Applied 1 action(s)
2026-07-28 10:56:18,393 [ERROR] Failed to add tag to website_traffic: 'str' object has no attribute 'tag'
2026-07-28 10:56:18,393 [INFO]    [PASS] website_traffic - Applied 1 action(s)
2026-07-28 10:56:18,393 [ERROR] Failed to add tag to product_reviews: 'str' object has no attribute 'tag'
2026-07-28 10:56:18,393 [INFO]    [PASS] product_reviews - Applied 1 action(s)
2026-07-28 10:56:18,393 [ERROR] Failed to add tag to employee_records: 'str' object has no attribute 'tag'
2026-07-28 10:56:18,393 [INFO]    [PASS] employee_records - Applied 1 action(s)
2026-07-28 10:56:18,393 [ERROR] Failed to add tag to user_login_audit: 'str' object has no attribute 'tag'
2026-07-28 10:56:18,393 [INFO]    [PASS] user_login_audit - Applied 1 action(s)
2026-07-28 10:56:18,393 [ERROR] Failed to add tag to Nadatest_table: 'str' object has no attribute 'tag'
2026-07-28 10:56:18,393 [INFO]    [PASS] Nadatest_table - Applied 1 action(s)
2026-07-28 10:56:18,393 [ERROR] Failed to add tag to customer_support_tickets: 'str' object has no attribute 'tag'
2026-07-28 10:56:18,393 [INFO]    [PASS] customer_support_tickets - Applied 1 action(s)
2026-07-28 10:56:18,393 [ERROR] Failed to add tag to inventory_warehouses: 'str' object has no attribute 'tag'
2026-07-28 10:56:18,393 [INFO]    [PASS] inventory_warehouses - Applied 1 action(s)
2026-07-28 10:56:18,393 [ERROR] Failed to add tag to user_profiles: 'str' object has no attribute 'tag'
2026-07-28 10:56:18,393 [INFO]    [PASS] user_profiles - Applied 1 action(s)
2026-07-28 10:56:18,393 [ERROR] Failed to add tag to marketing_campaigns: 'str' object has no attribute 'tag'
2026-07-28 10:56:18,393 [INFO]    [PASS] marketing_campaigns - Applied 1 action(s)
2026-07-28 10:56:18,394 [ERROR] Failed to add tag to iot_sensor_data: 'str' object has no attribute 'tag'
2026-07-28 10:56:18,394 [INFO]    [PASS] iot_sensor_data - Applied 1 action(s)
2026-07-28 10:56:18,394 [ERROR] Failed to add tag to sales_transactions: 'str' object has no attribute 'tag'
2026-07-28 10:56:18,394 [INFO]    [PASS] sales_transactions - Applied 1 action(s)
2026-07-28 10:56:18,394 [ERROR] Failed to add tag to financial_transactions: 'str' object has no attribute 'tag'
2026-07-28 10:56:18,394 [INFO]    [PASS] financial_transactions - Applied 1 action(s)
2026-07-28 10:56:18,394 [ERROR] Failed to add tag to unnamed_table: 'str' object has no attribute 'tag'
2026-07-28 10:56:18,394 [INFO]    [FAIL] unnamed_table - Applied 1 action(s)
2026-07-28 10:56:18,394 [ERROR] Failed to add tag to customer_orders: 'str' object has no attribute 'tag'
2026-07-28 10:56:18,394 [INFO]    [FAIL] customer_orders - Applied 1 action(s)
2026-07-28 10:56:18,394 [ERROR] Failed to add tag to inventory_log: 'str' object has no attribute 'tag'
2026-07-28 10:56:18,394 [INFO]    [FAIL] inventory_log - Applied 1 action(s)
2026-07-28 10:56:18,394 [INFO] \Rule: All datasets must have descriptions
2026-07-28 10:56:18,394 [ERROR] Failed to add tag to product_catalog: 'str' object has no attribute 'tag'
2026-07-28 10:56:18,394 [INFO]    [PASS] product_catalog - Applied 1 action(s)
2026-07-28 10:56:18,394 [ERROR] Failed to add tag to weather_forecasts: 'str' object has no attribute 'tag'
2026-07-28 10:56:18,394 [INFO]    [PASS] weather_forecasts - Applied 1 action(s)
2026-07-28 10:56:18,394 [ERROR] Failed to add tag to website_traffic: 'str' object has no attribute 'tag'
2026-07-28 10:56:18,394 [INFO]    [PASS] website_traffic - Applied 1 action(s)
2026-07-28 10:56:18,394 [ERROR] Failed to add tag to product_reviews: 'str' object has no attribute 'tag'
2026-07-28 10:56:18,394 [INFO]    [PASS] product_reviews - Applied 1 action(s)
2026-07-28 10:56:18,394 [ERROR] Failed to add tag to employee_records: 'str' object has no attribute 'tag'
2026-07-28 10:56:18,394 [INFO]    [PASS] employee_records - Applied 1 action(s)
2026-07-28 10:56:18,394 [ERROR] Failed to add tag to user_login_audit: 'str' object has no attribute 'tag'
2026-07-28 10:56:18,394 [INFO]    [PASS] user_login_audit - Applied 1 action(s)
2026-07-28 10:56:18,394 [ERROR] Failed to add tag to Nadatest_table: 'str' object has no attribute 'tag'
2026-07-28 10:56:18,394 [INFO]    [PASS] Nadatest_table - Applied 1 action(s)
2026-07-28 10:56:18,395 [ERROR] Failed to add tag to customer_support_tickets: 'str' object has no attribute 'tag'
2026-07-28 10:56:18,395 [INFO]    [PASS] customer_support_tickets - Applied 1 action(s)
2026-07-28 10:56:18,395 [ERROR] Failed to add tag to inventory_warehouses: 'str' object has no attribute 'tag'
2026-07-28 10:56:18,395 [INFO]    [PASS] inventory_warehouses - Applied 1 action(s)
2026-07-28 10:56:18,395 [ERROR] Failed to add tag to user_profiles: 'str' object has no attribute 'tag'
2026-07-28 10:56:18,395 [INFO]    [PASS] user_profiles - Applied 1 action(s)
2026-07-28 10:56:18,395 [ERROR] Failed to add tag to marketing_campaigns: 'str' object has no attribute 'tag'
2026-07-28 10:56:18,395 [INFO]    [PASS] marketing_campaigns - Applied 1 action(s)
2026-07-28 10:56:18,395 [ERROR] Failed to add tag to iot_sensor_data: 'str' object has no attribute 'tag'
2026-07-28 10:56:18,395 [INFO]    [PASS] iot_sensor_data - Applied 1 action(s)
2026-07-28 10:56:18,395 [ERROR] Failed to add tag to sales_transactions: 'str' object has no attribute 'tag'
2026-07-28 10:56:18,395 [INFO]    [PASS] sales_transactions - Applied 1 action(s)
2026-07-28 10:56:18,395 [ERROR] Failed to add tag to financial_transactions: 'str' object has no attribute 'tag'
2026-07-28 10:56:18,395 [INFO]    [PASS] financial_transactions - Applied 1 action(s)
2026-07-28 10:56:18,395 [ERROR] Failed to add tag to unnamed_table: 'str' object has no attribute 'tag'
2026-07-28 10:56:18,395 [INFO]    [FAIL] unnamed_table - Applied 1 action(s)
2026-07-28 10:56:18,395 [ERROR] Failed to add tag to customer_orders: 'str' object has no attribute 'tag'
2026-07-28 10:56:18,395 [INFO]    [FAIL] customer_orders - Applied 1 action(s)
2026-07-28 10:56:18,395 [ERROR] Failed to add tag to inventory_log: 'str' object has no attribute 'tag'
2026-07-28 10:56:18,395 [INFO]    [FAIL] inventory_log - Applied 1 action(s)
2026-07-28 11:00:07,405 [INFO] Loaded 2 rules
2026-07-28 11:00:07,585 [INFO] ✅ Fetched 17 real datasets from DataHub
2026-07-28 11:00:07,585 [INFO] 📊 Fetched 17 datasets from DataHub
2026-07-28 11:00:07,585 [INFO] Running 2 on 17 
2026-07-28 11:00:07,585 [INFO] \Rule: All datasets must have owners
2026-07-28 11:00:07,585 [ERROR] Failed to add tag to product_catalog: 'str' object has no attribute 'tag'
2026-07-28 11:00:07,585 [INFO]    [PASS] product_catalog - Applied 1 action(s)
2026-07-28 11:00:07,586 [ERROR] Failed to add tag to weather_forecasts: 'str' object has no attribute 'tag'
2026-07-28 11:00:07,586 [INFO]    [PASS] weather_forecasts - Applied 1 action(s)
2026-07-28 11:00:07,586 [ERROR] Failed to add tag to website_traffic: 'str' object has no attribute 'tag'
2026-07-28 11:00:07,586 [INFO]    [PASS] website_traffic - Applied 1 action(s)
2026-07-28 11:00:07,586 [ERROR] Failed to add tag to product_reviews: 'str' object has no attribute 'tag'
2026-07-28 11:00:07,586 [INFO]    [PASS] product_reviews - Applied 1 action(s)
2026-07-28 11:00:07,586 [ERROR] Failed to add tag to employee_records: 'str' object has no attribute 'tag'
2026-07-28 11:00:07,586 [INFO]    [PASS] employee_records - Applied 1 action(s)
2026-07-28 11:00:07,586 [ERROR] Failed to add tag to user_login_audit: 'str' object has no attribute 'tag'
2026-07-28 11:00:07,586 [INFO]    [PASS] user_login_audit - Applied 1 action(s)
2026-07-28 11:00:07,586 [ERROR] Failed to add tag to Nadatest_table: 'str' object has no attribute 'tag'
2026-07-28 11:00:07,586 [INFO]    [PASS] Nadatest_table - Applied 1 action(s)
2026-07-28 11:00:07,586 [ERROR] Failed to add tag to customer_support_tickets: 'str' object has no attribute 'tag'
2026-07-28 11:00:07,586 [INFO]    [PASS] customer_support_tickets - Applied 1 action(s)
2026-07-28 11:00:07,586 [ERROR] Failed to add tag to inventory_warehouses: 'str' object has no attribute 'tag'
2026-07-28 11:00:07,586 [INFO]    [PASS] inventory_warehouses - Applied 1 action(s)
2026-07-28 11:00:07,586 [ERROR] Failed to add tag to user_profiles: 'str' object has no attribute 'tag'
2026-07-28 11:00:07,586 [INFO]    [PASS] user_profiles - Applied 1 action(s)
2026-07-28 11:00:07,586 [ERROR] Failed to add tag to marketing_campaigns: 'str' object has no attribute 'tag'
2026-07-28 11:00:07,586 [INFO]    [PASS] marketing_campaigns - Applied 1 action(s)
2026-07-28 11:00:07,586 [ERROR] Failed to add tag to iot_sensor_data: 'str' object has no attribute 'tag'
2026-07-28 11:00:07,586 [INFO]    [PASS] iot_sensor_data - Applied 1 action(s)
2026-07-28 11:00:07,586 [ERROR] Failed to add tag to sales_transactions: 'str' object has no attribute 'tag'
2026-07-28 11:00:07,586 [INFO]    [PASS] sales_transactions - Applied 1 action(s)
2026-07-28 11:00:07,586 [ERROR] Failed to add tag to financial_transactions: 'str' object has no attribute 'tag'
2026-07-28 11:00:07,586 [INFO]    [PASS] financial_transactions - Applied 1 action(s)
2026-07-28 11:00:07,586 [ERROR] Failed to add tag to unnamed_table: 'str' object has no attribute 'tag'
2026-07-28 11:00:07,586 [INFO]    [FAIL] unnamed_table - Applied 1 action(s)
2026-07-28 11:00:07,586 [ERROR] Failed to add tag to customer_orders: 'str' object has no attribute 'tag'
2026-07-28 11:00:07,586 [INFO]    [FAIL] customer_orders - Applied 1 action(s)
2026-07-28 11:00:07,586 [ERROR] Failed to add tag to inventory_log: 'str' object has no attribute 'tag'
2026-07-28 11:00:07,587 [INFO]    [FAIL] inventory_log - Applied 1 action(s)
2026-07-28 11:00:07,587 [INFO] \Rule: All datasets must have descriptions
2026-07-28 11:00:07,587 [ERROR] Failed to add tag to product_catalog: 'str' object has no attribute 'tag'
2026-07-28 11:00:07,587 [INFO]    [PASS] product_catalog - Applied 1 action(s)
2026-07-28 11:00:07,587 [ERROR] Failed to add tag to weather_forecasts: 'str' object has no attribute 'tag'
2026-07-28 11:00:07,587 [INFO]    [PASS] weather_forecasts - Applied 1 action(s)
2026-07-28 11:00:07,587 [ERROR] Failed to add tag to website_traffic: 'str' object has no attribute 'tag'
2026-07-28 11:00:07,587 [INFO]    [PASS] website_traffic - Applied 1 action(s)
2026-07-28 11:00:07,587 [ERROR] Failed to add tag to product_reviews: 'str' object has no attribute 'tag'
2026-07-28 11:00:07,587 [INFO]    [PASS] product_reviews - Applied 1 action(s)
2026-07-28 11:00:07,587 [ERROR] Failed to add tag to employee_records: 'str' object has no attribute 'tag'
2026-07-28 11:00:07,587 [INFO]    [PASS] employee_records - Applied 1 action(s)
2026-07-28 11:00:07,587 [ERROR] Failed to add tag to user_login_audit: 'str' object has no attribute 'tag'
2026-07-28 11:00:07,587 [INFO]    [PASS] user_login_audit - Applied 1 action(s)
2026-07-28 11:00:07,587 [ERROR] Failed to add tag to Nadatest_table: 'str' object has no attribute 'tag'
2026-07-28 11:00:07,587 [INFO]    [PASS] Nadatest_table - Applied 1 action(s)
2026-07-28 11:00:07,587 [ERROR] Failed to add tag to customer_support_tickets: 'str' object has no attribute 'tag'
2026-07-28 11:00:07,587 [INFO]    [PASS] customer_support_tickets - Applied 1 action(s)
2026-07-28 11:00:07,587 [ERROR] Failed to add tag to inventory_warehouses: 'str' object has no attribute 'tag'
2026-07-28 11:00:07,587 [INFO]    [PASS] inventory_warehouses - Applied 1 action(s)
2026-07-28 11:00:07,587 [ERROR] Failed to add tag to user_profiles: 'str' object has no attribute 'tag'
2026-07-28 11:00:07,587 [INFO]    [PASS] user_profiles - Applied 1 action(s)
2026-07-28 11:00:07,587 [ERROR] Failed to add tag to marketing_campaigns: 'str' object has no attribute 'tag'
2026-07-28 11:00:07,587 [INFO]    [PASS] marketing_campaigns - Applied 1 action(s)
2026-07-28 11:00:07,587 [ERROR] Failed to add tag to iot_sensor_data: 'str' object has no attribute 'tag'
2026-07-28 11:00:07,587 [INFO]    [PASS] iot_sensor_data - Applied 1 action(s)
2026-07-28 11:00:07,587 [ERROR] Failed to add tag to sales_transactions: 'str' object has no attribute 'tag'
2026-07-28 11:00:07,587 [INFO]    [PASS] sales_transactions - Applied 1 action(s)
2026-07-28 11:00:07,587 [ERROR] Failed to add tag to financial_transactions: 'str' object has no attribute 'tag'
2026-07-28 11:00:07,587 [INFO]    [PASS] financial_transactions - Applied 1 action(s)
2026-07-28 11:00:07,587 [ERROR] Failed to add tag to unnamed_table: 'str' object has no attribute 'tag'
2026-07-28 11:00:07,587 [INFO]    [FAIL] unnamed_table - Applied 1 action(s)
2026-07-28 11:00:07,587 [ERROR] Failed to add tag to customer_orders: 'str' object has no attribute 'tag'
2026-07-28 11:00:07,587 [INFO]    [FAIL] customer_orders - Applied 1 action(s)
2026-07-28 11:00:07,587 [ERROR] Failed to add tag to inventory_log: 'str' object has no attribute 'tag'
2026-07-28 11:00:07,587 [INFO]    [FAIL] inventory_log - Applied 1 action(s)
2026-07-28 11:03:17,104 [INFO] Loaded 2 rules
2026-07-28 11:03:17,267 [INFO] ✅ Fetched 17 real datasets from DataHub
2026-07-28 11:03:17,267 [INFO] 📊 Fetched 17 datasets from DataHub
2026-07-28 11:03:17,267 [INFO] Running 2 on 17 
2026-07-28 11:03:17,267 [INFO] \Rule: All datasets must have owners
2026-07-28 11:03:17,267 [ERROR] Error  product_catalog: local variable 'patch_builder' referenced before assignment
2026-07-28 11:03:17,267 [ERROR] Error  weather_forecasts: local variable 'patch_builder' referenced before assignment
2026-07-28 11:03:17,267 [ERROR] Error  website_traffic: local variable 'patch_builder' referenced before assignment
2026-07-28 11:03:17,267 [ERROR] Error  product_reviews: local variable 'patch_builder' referenced before assignment
2026-07-28 11:03:17,267 [ERROR] Error  employee_records: local variable 'patch_builder' referenced before assignment
2026-07-28 11:03:17,267 [ERROR] Error  user_login_audit: local variable 'patch_builder' referenced before assignment
2026-07-28 11:03:17,268 [ERROR] Error  Nadatest_table: local variable 'patch_builder' referenced before assignment
2026-07-28 11:03:17,268 [ERROR] Error  customer_support_tickets: local variable 'patch_builder' referenced before assignment
2026-07-28 11:03:17,268 [ERROR] Error  inventory_warehouses: local variable 'patch_builder' referenced before assignment
2026-07-28 11:03:17,268 [ERROR] Error  user_profiles: local variable 'patch_builder' referenced before assignment
2026-07-28 11:03:17,268 [ERROR] Error  marketing_campaigns: local variable 'patch_builder' referenced before assignment
2026-07-28 11:03:17,268 [ERROR] Error  iot_sensor_data: local variable 'patch_builder' referenced before assignment
2026-07-28 11:03:17,268 [ERROR] Error  sales_transactions: local variable 'patch_builder' referenced before assignment
2026-07-28 11:03:17,268 [ERROR] Error  financial_transactions: local variable 'patch_builder' referenced before assignment
2026-07-28 11:03:17,268 [ERROR] Error  unnamed_table: local variable 'patch_builder' referenced before assignment
2026-07-28 11:03:17,268 [ERROR] Error  customer_orders: local variable 'patch_builder' referenced before assignment
2026-07-28 11:03:17,268 [ERROR] Error  inventory_log: local variable 'patch_builder' referenced before assignment
2026-07-28 11:03:17,268 [INFO] \Rule: All datasets must have descriptions
2026-07-28 11:03:17,268 [ERROR] Error  product_catalog: local variable 'patch_builder' referenced before assignment
2026-07-28 11:03:17,268 [ERROR] Error  weather_forecasts: local variable 'patch_builder' referenced before assignment
2026-07-28 11:03:17,268 [ERROR] Error  website_traffic: local variable 'patch_builder' referenced before assignment
2026-07-28 11:03:17,268 [ERROR] Error  product_reviews: local variable 'patch_builder' referenced before assignment
2026-07-28 11:03:17,268 [ERROR] Error  employee_records: local variable 'patch_builder' referenced before assignment
2026-07-28 11:03:17,268 [ERROR] Error  user_login_audit: local variable 'patch_builder' referenced before assignment
2026-07-28 11:03:17,268 [ERROR] Error  Nadatest_table: local variable 'patch_builder' referenced before assignment
2026-07-28 11:03:17,268 [ERROR] Error  customer_support_tickets: local variable 'patch_builder' referenced before assignment
2026-07-28 11:03:17,268 [ERROR] Error  inventory_warehouses: local variable 'patch_builder' referenced before assignment
2026-07-28 11:03:17,268 [ERROR] Error  user_profiles: local variable 'patch_builder' referenced before assignment
2026-07-28 11:03:17,268 [ERROR] Error  marketing_campaigns: local variable 'patch_builder' referenced before assignment
2026-07-28 11:03:17,269 [ERROR] Error  iot_sensor_data: local variable 'patch_builder' referenced before assignment
2026-07-28 11:03:17,269 [ERROR] Error  sales_transactions: local variable 'patch_builder' referenced before assignment
2026-07-28 11:03:17,269 [ERROR] Error  financial_transactions: local variable 'patch_builder' referenced before assignment
2026-07-28 11:03:17,269 [ERROR] Error  unnamed_table: local variable 'patch_builder' referenced before assignment
2026-07-28 11:03:17,269 [ERROR] Error  customer_orders: local variable 'patch_builder' referenced before assignment
2026-07-28 11:03:17,269 [ERROR] Error  inventory_log: local variable 'patch_builder' referenced before assignment
2026-07-28 11:04:00,868 [INFO] Loaded 2 rules
2026-07-28 11:04:00,948 [INFO] ✅ Fetched 17 real datasets from DataHub
2026-07-28 11:04:00,949 [INFO] 📊 Fetched 17 datasets from DataHub
2026-07-28 11:04:00,949 [INFO] Running 2 on 17 
2026-07-28 11:04:00,949 [INFO] \Rule: All datasets must have owners
2026-07-28 11:04:00,949 [ERROR] Failed to add tag to product_catalog: 'TagUrn' object has no attribute 'tag'
2026-07-28 11:04:00,949 [INFO]    [PASS] product_catalog - Applied 1 action(s)
2026-07-28 11:04:00,949 [ERROR] Failed to add tag to weather_forecasts: 'TagUrn' object has no attribute 'tag'
2026-07-28 11:04:00,949 [INFO]    [PASS] weather_forecasts - Applied 1 action(s)
2026-07-28 11:04:00,949 [ERROR] Failed to add tag to website_traffic: 'TagUrn' object has no attribute 'tag'
2026-07-28 11:04:00,949 [INFO]    [PASS] website_traffic - Applied 1 action(s)
2026-07-28 11:04:00,949 [ERROR] Failed to add tag to product_reviews: 'TagUrn' object has no attribute 'tag'
2026-07-28 11:04:00,949 [INFO]    [PASS] product_reviews - Applied 1 action(s)
2026-07-28 11:04:00,949 [ERROR] Failed to add tag to employee_records: 'TagUrn' object has no attribute 'tag'
2026-07-28 11:04:00,949 [INFO]    [PASS] employee_records - Applied 1 action(s)
2026-07-28 11:04:00,949 [ERROR] Failed to add tag to user_login_audit: 'TagUrn' object has no attribute 'tag'
2026-07-28 11:04:00,949 [INFO]    [PASS] user_login_audit - Applied 1 action(s)
2026-07-28 11:04:00,949 [ERROR] Failed to add tag to Nadatest_table: 'TagUrn' object has no attribute 'tag'
2026-07-28 11:04:00,949 [INFO]    [PASS] Nadatest_table - Applied 1 action(s)
2026-07-28 11:04:00,949 [ERROR] Failed to add tag to customer_support_tickets: 'TagUrn' object has no attribute 'tag'
2026-07-28 11:04:00,949 [INFO]    [PASS] customer_support_tickets - Applied 1 action(s)
2026-07-28 11:04:00,950 [ERROR] Failed to add tag to inventory_warehouses: 'TagUrn' object has no attribute 'tag'
2026-07-28 11:04:00,950 [INFO]    [PASS] inventory_warehouses - Applied 1 action(s)
2026-07-28 11:04:00,950 [ERROR] Failed to add tag to user_profiles: 'TagUrn' object has no attribute 'tag'
2026-07-28 11:04:00,950 [INFO]    [PASS] user_profiles - Applied 1 action(s)
2026-07-28 11:04:00,950 [ERROR] Failed to add tag to marketing_campaigns: 'TagUrn' object has no attribute 'tag'
2026-07-28 11:04:00,950 [INFO]    [PASS] marketing_campaigns - Applied 1 action(s)
2026-07-28 11:04:00,950 [ERROR] Failed to add tag to iot_sensor_data: 'TagUrn' object has no attribute 'tag'
2026-07-28 11:04:00,950 [INFO]    [PASS] iot_sensor_data - Applied 1 action(s)
2026-07-28 11:04:00,950 [ERROR] Failed to add tag to sales_transactions: 'TagUrn' object has no attribute 'tag'
2026-07-28 11:04:00,950 [INFO]    [PASS] sales_transactions - Applied 1 action(s)
2026-07-28 11:04:00,950 [ERROR] Failed to add tag to financial_transactions: 'TagUrn' object has no attribute 'tag'
2026-07-28 11:04:00,950 [INFO]    [PASS] financial_transactions - Applied 1 action(s)
2026-07-28 11:04:00,950 [ERROR] Failed to add tag to unnamed_table: 'TagUrn' object has no attribute 'tag'
2026-07-28 11:04:00,950 [INFO]    [FAIL] unnamed_table - Applied 1 action(s)
2026-07-28 11:04:00,950 [ERROR] Failed to add tag to customer_orders: 'TagUrn' object has no attribute 'tag'
2026-07-28 11:04:00,950 [INFO]    [FAIL] customer_orders - Applied 1 action(s)
2026-07-28 11:04:00,950 [ERROR] Failed to add tag to inventory_log: 'TagUrn' object has no attribute 'tag'
2026-07-28 11:04:00,950 [INFO]    [FAIL] inventory_log - Applied 1 action(s)
2026-07-28 11:04:00,950 [INFO] \Rule: All datasets must have descriptions
2026-07-28 11:04:00,950 [ERROR] Failed to add tag to product_catalog: 'TagUrn' object has no attribute 'tag'
2026-07-28 11:04:00,950 [INFO]    [PASS] product_catalog - Applied 1 action(s)
2026-07-28 11:04:00,950 [ERROR] Failed to add tag to weather_forecasts: 'TagUrn' object has no attribute 'tag'
2026-07-28 11:04:00,950 [INFO]    [PASS] weather_forecasts - Applied 1 action(s)
2026-07-28 11:04:00,950 [ERROR] Failed to add tag to website_traffic: 'TagUrn' object has no attribute 'tag'
2026-07-28 11:04:00,950 [INFO]    [PASS] website_traffic - Applied 1 action(s)
2026-07-28 11:04:00,950 [ERROR] Failed to add tag to product_reviews: 'TagUrn' object has no attribute 'tag'
2026-07-28 11:04:00,950 [INFO]    [PASS] product_reviews - Applied 1 action(s)
2026-07-28 11:04:00,950 [ERROR] Failed to add tag to employee_records: 'TagUrn' object has no attribute 'tag'
2026-07-28 11:04:00,950 [INFO]    [PASS] employee_records - Applied 1 action(s)
2026-07-28 11:04:00,950 [ERROR] Failed to add tag to user_login_audit: 'TagUrn' object has no attribute 'tag'
2026-07-28 11:04:00,950 [INFO]    [PASS] user_login_audit - Applied 1 action(s)
2026-07-28 11:04:00,950 [ERROR] Failed to add tag to Nadatest_table: 'TagUrn' object has no attribute 'tag'
2026-07-28 11:04:00,950 [INFO]    [PASS] Nadatest_table - Applied 1 action(s)
2026-07-28 11:04:00,951 [ERROR] Failed to add tag to customer_support_tickets: 'TagUrn' object has no attribute 'tag'
2026-07-28 11:04:00,951 [INFO]    [PASS] customer_support_tickets - Applied 1 action(s)
2026-07-28 11:04:00,951 [ERROR] Failed to add tag to inventory_warehouses: 'TagUrn' object has no attribute 'tag'
2026-07-28 11:04:00,951 [INFO]    [PASS] inventory_warehouses - Applied 1 action(s)
2026-07-28 11:04:00,951 [ERROR] Failed to add tag to user_profiles: 'TagUrn' object has no attribute 'tag'
2026-07-28 11:04:00,951 [INFO]    [PASS] user_profiles - Applied 1 action(s)
2026-07-28 11:04:00,951 [ERROR] Failed to add tag to marketing_campaigns: 'TagUrn' object has no attribute 'tag'
2026-07-28 11:04:00,951 [INFO]    [PASS] marketing_campaigns - Applied 1 action(s)
2026-07-28 11:04:00,951 [ERROR] Failed to add tag to iot_sensor_data: 'TagUrn' object has no attribute 'tag'
2026-07-28 11:04:00,951 [INFO]    [PASS] iot_sensor_data - Applied 1 action(s)
2026-07-28 11:04:00,951 [ERROR] Failed to add tag to sales_transactions: 'TagUrn' object has no attribute 'tag'
2026-07-28 11:04:00,951 [INFO]    [PASS] sales_transactions - Applied 1 action(s)
2026-07-28 11:04:00,951 [ERROR] Failed to add tag to financial_transactions: 'TagUrn' object has no attribute 'tag'
2026-07-28 11:04:00,951 [INFO]    [PASS] financial_transactions - Applied 1 action(s)
2026-07-28 11:04:00,951 [ERROR] Failed to add tag to unnamed_table: 'TagUrn' object has no attribute 'tag'
2026-07-28 11:04:00,951 [INFO]    [FAIL] unnamed_table - Applied 1 action(s)
2026-07-28 11:04:00,951 [ERROR] Failed to add tag to customer_orders: 'TagUrn' object has no attribute 'tag'
2026-07-28 11:04:00,951 [INFO]    [FAIL] customer_orders - Applied 1 action(s)
2026-07-28 11:04:00,951 [ERROR] Failed to add tag to inventory_log: 'TagUrn' object has no attribute 'tag'
2026-07-28 11:04:00,951 [INFO]    [FAIL] inventory_log - Applied 1 action(s)
2026-07-28 11:19:29,955 [INFO] Loaded 2 rules
2026-07-28 11:19:30,149 [INFO] ✅ Fetched 17 real datasets from DataHub
2026-07-28 11:19:30,149 [INFO] 📊 Fetched 17 datasets from DataHub
2026-07-28 11:19:30,149 [INFO] Running 2 on 17 
2026-07-28 11:19:30,149 [INFO] \Rule: All datasets must have owners
2026-07-28 11:19:30,149 [ERROR] Failed to add tag to product_catalog: 'str' object has no attribute 'tag'
2026-07-28 11:19:30,149 [INFO]    [PASS] product_catalog - Applied 1 action(s)
2026-07-28 11:19:30,150 [ERROR] Failed to add tag to weather_forecasts: 'str' object has no attribute 'tag'
2026-07-28 11:19:30,150 [INFO]    [PASS] weather_forecasts - Applied 1 action(s)
2026-07-28 11:19:30,150 [ERROR] Failed to add tag to website_traffic: 'str' object has no attribute 'tag'
2026-07-28 11:19:30,150 [INFO]    [PASS] website_traffic - Applied 1 action(s)
2026-07-28 11:19:30,150 [ERROR] Failed to add tag to product_reviews: 'str' object has no attribute 'tag'
2026-07-28 11:19:30,150 [INFO]    [PASS] product_reviews - Applied 1 action(s)
2026-07-28 11:19:30,150 [ERROR] Failed to add tag to employee_records: 'str' object has no attribute 'tag'
2026-07-28 11:19:30,150 [INFO]    [PASS] employee_records - Applied 1 action(s)
2026-07-28 11:19:30,150 [ERROR] Failed to add tag to user_login_audit: 'str' object has no attribute 'tag'
2026-07-28 11:19:30,150 [INFO]    [PASS] user_login_audit - Applied 1 action(s)
2026-07-28 11:19:30,150 [ERROR] Failed to add tag to Nadatest_table: 'str' object has no attribute 'tag'
2026-07-28 11:19:30,150 [INFO]    [PASS] Nadatest_table - Applied 1 action(s)
2026-07-28 11:19:30,150 [ERROR] Failed to add tag to customer_support_tickets: 'str' object has no attribute 'tag'
2026-07-28 11:19:30,150 [INFO]    [PASS] customer_support_tickets - Applied 1 action(s)
2026-07-28 11:19:30,150 [ERROR] Failed to add tag to inventory_warehouses: 'str' object has no attribute 'tag'
2026-07-28 11:19:30,150 [INFO]    [PASS] inventory_warehouses - Applied 1 action(s)
2026-07-28 11:19:30,150 [ERROR] Failed to add tag to user_profiles: 'str' object has no attribute 'tag'
2026-07-28 11:19:30,150 [INFO]    [PASS] user_profiles - Applied 1 action(s)
2026-07-28 11:19:30,150 [ERROR] Failed to add tag to marketing_campaigns: 'str' object has no attribute 'tag'
2026-07-28 11:19:30,150 [INFO]    [PASS] marketing_campaigns - Applied 1 action(s)
2026-07-28 11:19:30,150 [ERROR] Failed to add tag to iot_sensor_data: 'str' object has no attribute 'tag'
2026-07-28 11:19:30,150 [INFO]    [PASS] iot_sensor_data - Applied 1 action(s)
2026-07-28 11:19:30,150 [ERROR] Failed to add tag to sales_transactions: 'str' object has no attribute 'tag'
2026-07-28 11:19:30,150 [INFO]    [PASS] sales_transactions - Applied 1 action(s)
2026-07-28 11:19:30,150 [ERROR] Failed to add tag to financial_transactions: 'str' object has no attribute 'tag'
2026-07-28 11:19:30,151 [INFO]    [PASS] financial_transactions - Applied 1 action(s)
2026-07-28 11:19:30,151 [ERROR] Failed to add tag to unnamed_table: 'str' object has no attribute 'tag'
2026-07-28 11:19:30,151 [INFO]    [FAIL] unnamed_table - Applied 1 action(s)
2026-07-28 11:19:30,151 [ERROR] Failed to add tag to customer_orders: 'str' object has no attribute 'tag'
2026-07-28 11:19:30,151 [INFO]    [FAIL] customer_orders - Applied 1 action(s)
2026-07-28 11:19:30,151 [ERROR] Failed to add tag to inventory_log: 'str' object has no attribute 'tag'
2026-07-28 11:19:30,151 [INFO]    [FAIL] inventory_log - Applied 1 action(s)
2026-07-28 11:19:30,151 [INFO] \Rule: All datasets must have descriptions
2026-07-28 11:19:30,151 [ERROR] Failed to add tag to product_catalog: 'str' object has no attribute 'tag'
2026-07-28 11:19:30,151 [INFO]    [PASS] product_catalog - Applied 1 action(s)
2026-07-28 11:19:30,151 [ERROR] Failed to add tag to weather_forecasts: 'str' object has no attribute 'tag'
2026-07-28 11:19:30,151 [INFO]    [PASS] weather_forecasts - Applied 1 action(s)
2026-07-28 11:19:30,151 [ERROR] Failed to add tag to website_traffic: 'str' object has no attribute 'tag'
2026-07-28 11:19:30,151 [INFO]    [PASS] website_traffic - Applied 1 action(s)
2026-07-28 11:19:30,151 [ERROR] Failed to add tag to product_reviews: 'str' object has no attribute 'tag'
2026-07-28 11:19:30,151 [INFO]    [PASS] product_reviews - Applied 1 action(s)
2026-07-28 11:19:30,151 [ERROR] Failed to add tag to employee_records: 'str' object has no attribute 'tag'
2026-07-28 11:19:30,151 [INFO]    [PASS] employee_records - Applied 1 action(s)
2026-07-28 11:19:30,151 [ERROR] Failed to add tag to user_login_audit: 'str' object has no attribute 'tag'
2026-07-28 11:19:30,151 [INFO]    [PASS] user_login_audit - Applied 1 action(s)
2026-07-28 11:19:30,151 [ERROR] Failed to add tag to Nadatest_table: 'str' object has no attribute 'tag'
2026-07-28 11:19:30,151 [INFO]    [PASS] Nadatest_table - Applied 1 action(s)
2026-07-28 11:19:30,151 [ERROR] Failed to add tag to customer_support_tickets: 'str' object has no attribute 'tag'
2026-07-28 11:19:30,151 [INFO]    [PASS] customer_support_tickets - Applied 1 action(s)
2026-07-28 11:19:30,151 [ERROR] Failed to add tag to inventory_warehouses: 'str' object has no attribute 'tag'
2026-07-28 11:19:30,151 [INFO]    [PASS] inventory_warehouses - Applied 1 action(s)
2026-07-28 11:19:30,151 [ERROR] Failed to add tag to user_profiles: 'str' object has no attribute 'tag'
2026-07-28 11:19:30,151 [INFO]    [PASS] user_profiles - Applied 1 action(s)
2026-07-28 11:19:30,151 [ERROR] Failed to add tag to marketing_campaigns: 'str' object has no attribute 'tag'
2026-07-28 11:19:30,152 [INFO]    [PASS] marketing_campaigns - Applied 1 action(s)
2026-07-28 11:19:30,152 [ERROR] Failed to add tag to iot_sensor_data: 'str' object has no attribute 'tag'
2026-07-28 11:19:30,152 [INFO]    [PASS] iot_sensor_data - Applied 1 action(s)
2026-07-28 11:19:30,152 [ERROR] Failed to add tag to sales_transactions: 'str' object has no attribute 'tag'
2026-07-28 11:19:30,152 [INFO]    [PASS] sales_transactions - Applied 1 action(s)
2026-07-28 11:19:30,152 [ERROR] Failed to add tag to financial_transactions: 'str' object has no attribute 'tag'
2026-07-28 11:19:30,152 [INFO]    [PASS] financial_transactions - Applied 1 action(s)
2026-07-28 11:19:30,152 [ERROR] Failed to add tag to unnamed_table: 'str' object has no attribute 'tag'
2026-07-28 11:19:30,152 [INFO]    [FAIL] unnamed_table - Applied 1 action(s)
2026-07-28 11:19:30,152 [ERROR] Failed to add tag to customer_orders: 'str' object has no attribute 'tag'
2026-07-28 11:19:30,152 [INFO]    [FAIL] customer_orders - Applied 1 action(s)
2026-07-28 11:19:30,152 [ERROR] Failed to add tag to inventory_log: 'str' object has no attribute 'tag'
2026-07-28 11:19:30,152 [INFO]    [FAIL] inventory_log - Applied 1 action(s)
2026-07-28 11:23:16,324 [INFO] Loaded 2 rules
2026-07-28 11:23:16,509 [INFO] ✅ Fetched 17 real datasets from DataHub
2026-07-28 11:23:16,509 [INFO] 📊 Fetched 17 datasets from DataHub
2026-07-28 11:23:16,509 [INFO] Running 2 on 17 
2026-07-28 11:23:16,509 [INFO] \Rule: All datasets must have owners
2026-07-28 11:23:16,509 [ERROR] Failed to add tag to product_catalog: 'GovernanceRuleEngine' object has no attribute '_get_existing_tags'
2026-07-28 11:23:16,509 [INFO]    [PASS] product_catalog - Applied 1 action(s)
2026-07-28 11:23:16,509 [ERROR] Failed to add tag to weather_forecasts: 'GovernanceRuleEngine' object has no attribute '_get_existing_tags'
2026-07-28 11:23:16,509 [INFO]    [PASS] weather_forecasts - Applied 1 action(s)
2026-07-28 11:23:16,509 [ERROR] Failed to add tag to website_traffic: 'GovernanceRuleEngine' object has no attribute '_get_existing_tags'
2026-07-28 11:23:16,510 [INFO]    [PASS] website_traffic - Applied 1 action(s)
2026-07-28 11:23:16,510 [ERROR] Failed to add tag to product_reviews: 'GovernanceRuleEngine' object has no attribute '_get_existing_tags'
2026-07-28 11:23:16,510 [INFO]    [PASS] product_reviews - Applied 1 action(s)
2026-07-28 11:23:16,510 [ERROR] Failed to add tag to employee_records: 'GovernanceRuleEngine' object has no attribute '_get_existing_tags'
2026-07-28 11:23:16,510 [INFO]    [PASS] employee_records - Applied 1 action(s)
2026-07-28 11:23:16,510 [ERROR] Failed to add tag to user_login_audit: 'GovernanceRuleEngine' object has no attribute '_get_existing_tags'
2026-07-28 11:23:16,510 [INFO]    [PASS] user_login_audit - Applied 1 action(s)
2026-07-28 11:23:16,510 [ERROR] Failed to add tag to Nadatest_table: 'GovernanceRuleEngine' object has no attribute '_get_existing_tags'
2026-07-28 11:23:16,510 [INFO]    [PASS] Nadatest_table - Applied 1 action(s)
2026-07-28 11:23:16,510 [ERROR] Failed to add tag to customer_support_tickets: 'GovernanceRuleEngine' object has no attribute '_get_existing_tags'
2026-07-28 11:23:16,510 [INFO]    [PASS] customer_support_tickets - Applied 1 action(s)
2026-07-28 11:23:16,510 [ERROR] Failed to add tag to inventory_warehouses: 'GovernanceRuleEngine' object has no attribute '_get_existing_tags'
2026-07-28 11:23:16,510 [INFO]    [PASS] inventory_warehouses - Applied 1 action(s)
2026-07-28 11:23:16,510 [ERROR] Failed to add tag to user_profiles: 'GovernanceRuleEngine' object has no attribute '_get_existing_tags'
2026-07-28 11:23:16,510 [INFO]    [PASS] user_profiles - Applied 1 action(s)
2026-07-28 11:23:16,510 [ERROR] Failed to add tag to marketing_campaigns: 'GovernanceRuleEngine' object has no attribute '_get_existing_tags'
2026-07-28 11:23:16,510 [INFO]    [PASS] marketing_campaigns - Applied 1 action(s)
2026-07-28 11:23:16,510 [ERROR] Failed to add tag to iot_sensor_data: 'GovernanceRuleEngine' object has no attribute '_get_existing_tags'
2026-07-28 11:23:16,510 [INFO]    [PASS] iot_sensor_data - Applied 1 action(s)
2026-07-28 11:23:16,510 [ERROR] Failed to add tag to sales_transactions: 'GovernanceRuleEngine' object has no attribute '_get_existing_tags'
2026-07-28 11:23:16,510 [INFO]    [PASS] sales_transactions - Applied 1 action(s)
2026-07-28 11:23:16,510 [ERROR] Failed to add tag to financial_transactions: 'GovernanceRuleEngine' object has no attribute '_get_existing_tags'
2026-07-28 11:23:16,510 [INFO]    [PASS] financial_transactions - Applied 1 action(s)
2026-07-28 11:23:16,510 [ERROR] Failed to add tag to unnamed_table: 'GovernanceRuleEngine' object has no attribute '_get_existing_tags'
2026-07-28 11:23:16,510 [INFO]    [FAIL] unnamed_table - Applied 1 action(s)
2026-07-28 11:23:16,510 [ERROR] Failed to add tag to customer_orders: 'GovernanceRuleEngine' object has no attribute '_get_existing_tags'
2026-07-28 11:23:16,510 [INFO]    [FAIL] customer_orders - Applied 1 action(s)
2026-07-28 11:23:16,510 [ERROR] Failed to add tag to inventory_log: 'GovernanceRuleEngine' object has no attribute '_get_existing_tags'
2026-07-28 11:23:16,510 [INFO]    [FAIL] inventory_log - Applied 1 action(s)
2026-07-28 11:23:16,511 [INFO] \Rule: All datasets must have descriptions
2026-07-28 11:23:16,511 [ERROR] Failed to add tag to product_catalog: 'GovernanceRuleEngine' object has no attribute '_get_existing_tags'
2026-07-28 11:23:16,511 [INFO]    [PASS] product_catalog - Applied 1 action(s)
2026-07-28 11:23:16,511 [ERROR] Failed to add tag to weather_forecasts: 'GovernanceRuleEngine' object has no attribute '_get_existing_tags'
2026-07-28 11:23:16,511 [INFO]    [PASS] weather_forecasts - Applied 1 action(s)
2026-07-28 11:23:16,511 [ERROR] Failed to add tag to website_traffic: 'GovernanceRuleEngine' object has no attribute '_get_existing_tags'
2026-07-28 11:23:16,511 [INFO]    [PASS] website_traffic - Applied 1 action(s)
2026-07-28 11:23:16,511 [ERROR] Failed to add tag to product_reviews: 'GovernanceRuleEngine' object has no attribute '_get_existing_tags'
2026-07-28 11:23:16,511 [INFO]    [PASS] product_reviews - Applied 1 action(s)
2026-07-28 11:23:16,511 [ERROR] Failed to add tag to employee_records: 'GovernanceRuleEngine' object has no attribute '_get_existing_tags'
2026-07-28 11:23:16,511 [INFO]    [PASS] employee_records - Applied 1 action(s)
2026-07-28 11:23:16,511 [ERROR] Failed to add tag to user_login_audit: 'GovernanceRuleEngine' object has no attribute '_get_existing_tags'
2026-07-28 11:23:16,511 [INFO]    [PASS] user_login_audit - Applied 1 action(s)
2026-07-28 11:23:16,511 [ERROR] Failed to add tag to Nadatest_table: 'GovernanceRuleEngine' object has no attribute '_get_existing_tags'
2026-07-28 11:23:16,511 [INFO]    [PASS] Nadatest_table - Applied 1 action(s)
2026-07-28 11:23:16,511 [ERROR] Failed to add tag to customer_support_tickets: 'GovernanceRuleEngine' object has no attribute '_get_existing_tags'
2026-07-28 11:23:16,511 [INFO]    [PASS] customer_support_tickets - Applied 1 action(s)
2026-07-28 11:23:16,511 [ERROR] Failed to add tag to inventory_warehouses: 'GovernanceRuleEngine' object has no attribute '_get_existing_tags'
2026-07-28 11:23:16,511 [INFO]    [PASS] inventory_warehouses - Applied 1 action(s)
2026-07-28 11:23:16,511 [ERROR] Failed to add tag to user_profiles: 'GovernanceRuleEngine' object has no attribute '_get_existing_tags'
2026-07-28 11:23:16,511 [INFO]    [PASS] user_profiles - Applied 1 action(s)
2026-07-28 11:23:16,511 [ERROR] Failed to add tag to marketing_campaigns: 'GovernanceRuleEngine' object has no attribute '_get_existing_tags'
2026-07-28 11:23:16,511 [INFO]    [PASS] marketing_campaigns - Applied 1 action(s)
2026-07-28 11:23:16,511 [ERROR] Failed to add tag to iot_sensor_data: 'GovernanceRuleEngine' object has no attribute '_get_existing_tags'
2026-07-28 11:23:16,512 [INFO]    [PASS] iot_sensor_data - Applied 1 action(s)
2026-07-28 11:23:16,512 [ERROR] Failed to add tag to sales_transactions: 'GovernanceRuleEngine' object has no attribute '_get_existing_tags'
2026-07-28 11:23:16,512 [INFO]    [PASS] sales_transactions - Applied 1 action(s)
2026-07-28 11:23:16,512 [ERROR] Failed to add tag to financial_transactions: 'GovernanceRuleEngine' object has no attribute '_get_existing_tags'
2026-07-28 11:23:16,512 [INFO]    [PASS] financial_transactions - Applied 1 action(s)
2026-07-28 11:23:16,512 [ERROR] Failed to add tag to unnamed_table: 'GovernanceRuleEngine' object has no attribute '_get_existing_tags'
2026-07-28 11:23:16,512 [INFO]    [FAIL] unnamed_table - Applied 1 action(s)
2026-07-28 11:23:16,512 [ERROR] Failed to add tag to customer_orders: 'GovernanceRuleEngine' object has no attribute '_get_existing_tags'
2026-07-28 11:23:16,512 [INFO]    [FAIL] customer_orders - Applied 1 action(s)
2026-07-28 11:23:16,512 [ERROR] Failed to add tag to inventory_log: 'GovernanceRuleEngine' object has no attribute '_get_existing_tags'
2026-07-28 11:23:16,512 [INFO]    [FAIL] inventory_log - Applied 1 action(s)
2026-07-28 11:23:51,240 [INFO] Loaded 2 rules
2026-07-28 11:23:51,306 [INFO] ✅ Fetched 17 real datasets from DataHub
2026-07-28 11:23:51,306 [INFO] 📊 Fetched 17 datasets from DataHub
2026-07-28 11:23:51,306 [INFO] Running 2 on 17 
2026-07-28 11:23:51,307 [INFO] \Rule: All datasets must have owners
2026-07-28 11:23:51,399 [INFO] Added tag 'urn:li:tag:Compliant' to product_catalog
2026-07-28 11:23:51,399 [INFO]    [PASS] product_catalog - Applied 1 action(s)
2026-07-28 11:23:51,456 [INFO] Added tag 'urn:li:tag:Compliant' to weather_forecasts
2026-07-28 11:23:51,456 [INFO]    [PASS] weather_forecasts - Applied 1 action(s)
2026-07-28 11:23:51,500 [INFO] Added tag 'urn:li:tag:Compliant' to website_traffic
2026-07-28 11:23:51,500 [INFO]    [PASS] website_traffic - Applied 1 action(s)
2026-07-28 11:23:51,545 [INFO] Added tag 'urn:li:tag:Compliant' to product_reviews
2026-07-28 11:23:51,546 [INFO]    [PASS] product_reviews - Applied 1 action(s)
2026-07-28 11:23:51,591 [INFO] Added tag 'urn:li:tag:Compliant' to employee_records
2026-07-28 11:23:51,592 [INFO]    [PASS] employee_records - Applied 1 action(s)
2026-07-28 11:23:51,644 [INFO] Added tag 'urn:li:tag:Compliant' to user_login_audit
2026-07-28 11:23:51,645 [INFO]    [PASS] user_login_audit - Applied 1 action(s)
2026-07-28 11:23:51,686 [INFO] Added tag 'urn:li:tag:Compliant' to Nadatest_table
2026-07-28 11:23:51,686 [INFO]    [PASS] Nadatest_table - Applied 1 action(s)
2026-07-28 11:23:51,728 [INFO] Added tag 'urn:li:tag:Compliant' to customer_support_tickets
2026-07-28 11:23:51,729 [INFO]    [PASS] customer_support_tickets - Applied 1 action(s)
2026-07-28 11:23:51,773 [INFO] Added tag 'urn:li:tag:Compliant' to inventory_warehouses
2026-07-28 11:23:51,773 [INFO]    [PASS] inventory_warehouses - Applied 1 action(s)
2026-07-28 11:23:51,817 [INFO] Added tag 'urn:li:tag:Compliant' to user_profiles
2026-07-28 11:23:51,818 [INFO]    [PASS] user_profiles - Applied 1 action(s)
2026-07-28 11:23:51,885 [INFO] Added tag 'urn:li:tag:Compliant' to marketing_campaigns
2026-07-28 11:23:51,886 [INFO]    [PASS] marketing_campaigns - Applied 1 action(s)
2026-07-28 11:23:51,930 [INFO] Added tag 'urn:li:tag:Compliant' to iot_sensor_data
2026-07-28 11:23:51,930 [INFO]    [PASS] iot_sensor_data - Applied 1 action(s)
2026-07-28 11:23:51,996 [INFO] Added tag 'urn:li:tag:Compliant' to sales_transactions
2026-07-28 11:23:51,996 [INFO]    [PASS] sales_transactions - Applied 1 action(s)
2026-07-28 11:23:52,049 [INFO] Added tag 'urn:li:tag:Compliant' to financial_transactions
2026-07-28 11:23:52,049 [INFO]    [PASS] financial_transactions - Applied 1 action(s)
2026-07-28 11:23:52,088 [INFO] Added tag 'urn:li:tag:NeedsOwner' to unnamed_table
2026-07-28 11:23:52,088 [INFO]    [FAIL] unnamed_table - Applied 1 action(s)
2026-07-28 11:23:52,119 [INFO] Added tag 'urn:li:tag:NeedsOwner' to customer_orders
2026-07-28 11:23:52,119 [INFO]    [FAIL] customer_orders - Applied 1 action(s)
2026-07-28 11:23:52,156 [INFO] Added tag 'urn:li:tag:NeedsOwner' to inventory_log
2026-07-28 11:23:52,156 [INFO]    [FAIL] inventory_log - Applied 1 action(s)
2026-07-28 11:23:52,156 [INFO] \Rule: All datasets must have descriptions
2026-07-28 11:23:52,206 [INFO] Added tag 'urn:li:tag:HasDescription' to product_catalog
2026-07-28 11:23:52,206 [INFO]    [PASS] product_catalog - Applied 1 action(s)
2026-07-28 11:23:52,246 [INFO] Added tag 'urn:li:tag:HasDescription' to weather_forecasts
2026-07-28 11:23:52,246 [INFO]    [PASS] weather_forecasts - Applied 1 action(s)
2026-07-28 11:23:52,287 [INFO] Added tag 'urn:li:tag:HasDescription' to website_traffic
2026-07-28 11:23:52,288 [INFO]    [PASS] website_traffic - Applied 1 action(s)
2026-07-28 11:23:52,317 [INFO] Added tag 'urn:li:tag:HasDescription' to product_reviews
2026-07-28 11:23:52,318 [INFO]    [PASS] product_reviews - Applied 1 action(s)
2026-07-28 11:23:52,353 [INFO] Added tag 'urn:li:tag:HasDescription' to employee_records
2026-07-28 11:23:52,354 [INFO]    [PASS] employee_records - Applied 1 action(s)
2026-07-28 11:23:52,395 [INFO] Added tag 'urn:li:tag:HasDescription' to user_login_audit
2026-07-28 11:23:52,396 [INFO]    [PASS] user_login_audit - Applied 1 action(s)
2026-07-28 11:23:52,436 [INFO] Added tag 'urn:li:tag:HasDescription' to Nadatest_table
2026-07-28 11:23:52,437 [INFO]    [PASS] Nadatest_table - Applied 1 action(s)
2026-07-28 11:23:52,470 [INFO] Added tag 'urn:li:tag:HasDescription' to customer_support_tickets
2026-07-28 11:23:52,470 [INFO]    [PASS] customer_support_tickets - Applied 1 action(s)
2026-07-28 11:23:52,514 [INFO] Added tag 'urn:li:tag:HasDescription' to inventory_warehouses
2026-07-28 11:23:52,517 [INFO]    [PASS] inventory_warehouses - Applied 1 action(s)
2026-07-28 11:23:52,547 [INFO] Added tag 'urn:li:tag:HasDescription' to user_profiles
2026-07-28 11:23:52,548 [INFO]    [PASS] user_profiles - Applied 1 action(s)
2026-07-28 11:23:52,607 [INFO] Added tag 'urn:li:tag:HasDescription' to marketing_campaigns
2026-07-28 11:23:52,608 [INFO]    [PASS] marketing_campaigns - Applied 1 action(s)
2026-07-28 11:23:52,643 [INFO] Added tag 'urn:li:tag:HasDescription' to iot_sensor_data
2026-07-28 11:23:52,644 [INFO]    [PASS] iot_sensor_data - Applied 1 action(s)
2026-07-28 11:23:52,676 [INFO] Added tag 'urn:li:tag:HasDescription' to sales_transactions
2026-07-28 11:23:52,676 [INFO]    [PASS] sales_transactions - Applied 1 action(s)
2026-07-28 11:23:52,710 [INFO] Added tag 'urn:li:tag:HasDescription' to financial_transactions
2026-07-28 11:23:52,710 [INFO]    [PASS] financial_transactions - Applied 1 action(s)
2026-07-28 11:23:52,747 [INFO] Added tag 'urn:li:tag:NeedsDescription' to unnamed_table
2026-07-28 11:23:52,747 [INFO]    [FAIL] unnamed_table - Applied 1 action(s)
2026-07-28 11:23:52,776 [INFO] Added tag 'urn:li:tag:NeedsDescription' to customer_orders
2026-07-28 11:23:52,777 [INFO]    [FAIL] customer_orders - Applied 1 action(s)
2026-07-28 11:23:52,817 [INFO] Added tag 'urn:li:tag:NeedsDescription' to inventory_log
2026-07-28 11:23:52,817 [INFO]    [FAIL] inventory_log - Applied 1 action(s)
